09-29 12:55:36.579  1877  1877 E netmgr  : Failed to open QEMU pipe 'qemud:network': Invalid argument
09-29 12:55:36.659  2641  4145 I NetworkScheduler.Stats: Task com.google.android.gms/com.google.android.gms.ads.social.GcmSchedulerWakeupService finished executing. cause:4 result: 1 elapsed_millis: 1483 uptime_millis: 1483 exec_start_elapsed_seconds: 127 [CONTEXT service_id=218 ]
09-29 12:55:36.717  1887  1887 E wifi_forwarder: RemoteConnection failed to initialize: RemoteConnection failed to open pipe
09-29 12:55:36.809  2641  3920 I NetworkScheduler.Stats: Task com.google.android.gms/com.google.android.gms.clearcut.uploader.QosUploaderService started execution. cause:5 exec_start_elapsed_seconds: 128 [CONTEXT service_id=218 ]
09-29 12:55:36.947  2641  3920 I NetworkScheduler.Stats: Task com.google.android.gms/com.google.android.gms.clearcut.uploader.QosUploaderService started execution. cause:5 exec_start_elapsed_seconds: 128 [CONTEXT service_id=218 ]
09-29 12:55:36.950  2641  3920 I NetworkScheduler.Stats: Task com.google.android.gms/com.google.android.gms.clearcut.uploader.QosUploaderService finished executing. cause:5 result: 1 elapsed_millis: 203 uptime_millis: 203 exec_start_elapsed_seconds: 128 [CONTEXT service_id=218 ]
09-29 12:55:37.087  2641  3920 I NetworkScheduler.Stats: Task com.google.android.gms/com.google.android.gms.clearcut.uploader.QosUploaderService started execution. cause:5 exec_start_elapsed_seconds: 129 [CONTEXT service_id=218 ]
09-29 12:55:37.106  2641  3920 I NetworkScheduler.Stats: Task com.google.android.gms/com.google.android.gms.clearcut.uploader.QosUploaderService finished executing. cause:5 result: 1 elapsed_millis: 238 uptime_millis: 238 exec_start_elapsed_seconds: 128 [CONTEXT service_id=218 ]
09-29 12:55:37.805  2641  4145 W Conscrypt: Could not set socket write timeout: java.net.SocketException: Socket closed
09-29 12:55:37.805  2641  4145 W Conscrypt: 	at com.google.android.gms.org.conscrypt.Platform.setSocketWriteTimeout(:com.google.android.gms@202414022@20.24.14 (040700-319035315):2)
09-29 12:55:37.805  2641  4145 W Conscrypt: 	at com.google.android.gms.org.conscrypt.ConscryptFileDescriptorSocket.setSoWriteTimeout(:com.google.android.gms@202414022@20.24.14 (040700-319035315):0)
09-29 12:55:37.931  2641  4145 W Conscrypt: Could not set socket write timeout: java.net.SocketException: Socket closed
09-29 12:55:37.931  2641  4145 W Conscrypt: 	at com.google.android.gms.org.conscrypt.Platform.setSocketWriteTimeout(:com.google.android.gms@202414022@20.24.14 (040700-319035315):2)
09-29 12:55:37.931  2641  4145 W Conscrypt: 	at com.google.android.gms.org.conscrypt.ConscryptFileDescriptorSocket.setSoWriteTimeout(:com.google.android.gms@202414022@20.24.14 (040700-319035315):0)
09-29 12:55:38.417  2007  2025 D WificondControl: Scan result ready event
09-29 12:55:39.255  2641  4145 W Conscrypt: Could not set socket write timeout: java.net.SocketException: Socket closed
09-29 12:55:39.255  2641  4145 W Conscrypt: 	at com.google.android.gms.org.conscrypt.Platform.setSocketWriteTimeout(:com.google.android.gms@202414022@20.24.14 (040700-319035315):2)
09-29 12:55:39.255  2641  4145 W Conscrypt: 	at com.google.android.gms.org.conscrypt.ConscryptFileDescriptorSocket.setSoWriteTimeout(:com.google.android.gms@202414022@20.24.14 (040700-319035315):0)
09-29 12:55:39.433  2641  4145 W Conscrypt: Could not set socket write timeout: java.net.SocketException: Socket closed
09-29 12:55:39.434  2641  4145 W Conscrypt: 	at com.google.android.gms.org.conscrypt.Platform.setSocketWriteTimeout(:com.google.android.gms@202414022@20.24.14 (040700-319035315):2)
09-29 12:55:39.434  2641  4145 W Conscrypt: 	at com.google.android.gms.org.conscrypt.ConscryptFileDescriptorSocket.setSoWriteTimeout(:com.google.android.gms@202414022@20.24.14 (040700-319035315):0)
09-29 12:55:39.550  5905  5905 I AssistStructure: Flattened final assist data: 2260 bytes, containing 1 windows, 13 views
09-29 12:55:39.574  2459  2459 I KeyboardViewUtil: systemKeyboardHeightRatio:1.000000; userKeyboardHeightRatio:1.000000.
09-29 12:55:39.575  2459  2459 I LatinIme: initialize() : Language = en-US
09-29 12:55:39.583  2459  2459 I Delight5Facilitator: initializeForIme() : Locale = [en_US]
09-29 12:55:39.583  2459  2459 I Delight5Facilitator: resetDecoder() : Locale = [en_US]
09-29 12:55:39.597  2641  2641 W ktk     : Pending fill request while another request in the same session was triggered. [CONTEXT service_id=177 ]
09-29 12:55:39.645  2459  2459 I AndroidIME: LatinIme.onActivate() : EditorInfo = Package = com.example.contentprovideractivity : Type = Text : Learning = Enable : Suggestion = Show : AutoCorrection = Enable : Microphone = Show : NoPersonalizedLearning = Disable
09-29 12:55:39.646  2459  5955 I MainLoader: Running LM loader for [en_US]
09-29 12:55:39.647  2459  5955 I SuperDelight: SuperDelightLanguageModelProvider#fetchLanguageModel(): 1 locales
09-29 12:55:39.648  2459  5955 I SuperDelight: syncBundledLanguageModels(): clearing bundled_delight selection
09-29 12:55:39.654  2459  2536 I putmethod.lati: Waiting for a blocking GC ProfileSaver
09-29 12:55:39.663  2459  3088 W TaskSpec: Initial retry millis (30000) must be at least 30 seconds, set as 30 seconds.
09-29 12:55:39.681  2459  3088 I FirebaseJobDispatcher: Cancel task: DlamTrainingTask. Success.
09-29 12:55:39.693  2459  3449 I SuperDelight: initializeBundledDelightSuperpacks()
09-29 12:55:39.733  2459  3219 I SP      : Registering bundled_delight.20190203, url: null, constraints: *:*, flags: *, requested: 20190203, current: 20190203
09-29 12:55:39.742  2459  2478 I putmethod.lati: Background young concurrent copying GC freed 11696(865KB) AllocSpace objects, 7(264KB) LOS objects, 12% free, 5305KB/6093KB, paused 506us total 110.683ms
09-29 12:55:39.742  2459  2536 I putmethod.lati: WaitForGcToComplete blocked ProfileSaver on ProfileSaver for 88.036ms
09-29 12:55:39.826  2641  2689 I NetworkScheduler.Stats: Task com.google.android.gms/com.google.android.gms.clearcut.uploader.QosUploaderService finished executing. cause:5 result: 1 elapsed_millis: 2776 uptime_millis: 2776 exec_start_elapsed_seconds: 129 [CONTEXT service_id=218 ]
09-29 12:55:39.873  2641  2654 I .gms.persisten: Background young concurrent copying GC freed 43203(2621KB) AllocSpace objects, 18(544KB) LOS objects, 10% free, 11MB/12MB, paused 2.008ms total 179.345ms
09-29 12:55:39.922  2459  2478 I putmethod.lati: Background young concurrent copying GC freed 12106(601KB) AllocSpace objects, 0(0B) LOS objects, 2% free, 5940KB/6093KB, paused 1.471ms total 151.146ms
09-29 12:55:39.980  1772  3340 D gralloc_ranchu: gralloc_alloc: Creating ashmem region of size 20480
09-29 12:55:39.984  2152  2755 D HostConnection: HostConnection::get() New Host Connection established 0xe3f5e460, tid 2755
09-29 12:55:39.984  2152  2755 D HostConnection: HostComposition ext ANDROID_EMU_CHECKSUM_HELPER_v1 ANDROID_EMU_dma_v1 ANDROID_EMU_direct_mem ANDROID_EMU_host_composition_v1 ANDROID_EMU_host_composition_v2 ANDROID_EMU_vulkan ANDROID_EMU_deferred_vulkan_commands ANDROID_EMU_vulkan_null_optional_strings ANDROID_EMU_vulkan_create_resources_with_requirements ANDROID_EMU_YUV_Cache ANDROID_EMU_vulkan_ignored_handles ANDROID_EMU_vulkan_free_memory_sync ANDROID_EMU_vulkan_shader_float16_int8 ANDROID_EMU_vulkan_async_queue_submit ANDROID_EMU_sync_buffer_data GL_OES_vertex_array_object GL_KHR_texture_compression_astc_ldr ANDROID_EMU_host_side_tracing ANDROID_EMU_gles_max_version_2 
09-29 12:55:39.984  2152  2755 W OpenGLRenderer: Failed to choose config with EGL_SWAP_BEHAVIOR_PRESERVED, retrying without...
09-29 12:55:40.007  2152  2755 D EGL_emulation: eglCreateContext: 0xe3f1b1a0: maj 2 min 0 rcv 2
09-29 12:55:40.011  2152  2755 D EGL_emulation: eglMakeCurrent: 0xe3f1b1a0: ver 2 0 (tinfo 0xe3f0fea0)
09-29 12:55:40.021  2152  2563 D EGL_emulation: eglMakeCurrent: 0xec077b00: ver 2 0 (tinfo 0xca5d2010)
09-29 12:55:40.040  2459  2459 I KeyboardViewHelper: Get view with height ratio:1.000000; experiment height ratio:1.000000.
09-29 12:55:40.146  2641  2654 I .gms.persisten: Background concurrent copying GC freed 84101(4635KB) AllocSpace objects, 6(324KB) LOS objects, 43% free, 7941KB/13MB, paused 2.442ms total 178.168ms
09-29 12:55:40.153  2641  2656 W System  : A resource failed to call close. 
09-29 12:55:40.154  2641  2656 W System  : A resource failed to call close. 
09-29 12:55:40.170  2459  2478 I putmethod.lati: Background concurrent copying GC freed 26078(1097KB) AllocSpace objects, 0(0B) LOS objects, 49% free, 5927KB/11MB, paused 4.713ms total 245.624ms
09-29 12:55:40.234  2459  2591 I KeyboardGroupDefParser: parseKeyboardGroupDef() 2131296529 -> extension_emoticon_keyboards : WaitTime = 2 ms : RunTime = 13 ms
09-29 12:55:40.245  1794  2106 E SurfaceFlinger: ro.sf.lcd_density must be defined as a build property
09-29 12:55:40.251  1794  2096 E SurfaceFlinger: ro.sf.lcd_density must be defined as a build property
09-29 12:55:40.315  2007  3021 I AssistStructure: Flattened final assist data: 1952 bytes, containing 1 windows, 13 views
09-29 12:55:40.322  2641  3378 W kps     : Infinite Data has no result for com.example.contentprovideractivity [CONTEXT service_id=177 ]
09-29 12:55:40.362  2641  3624 W kps     : Infinite Data has no result for com.example.contentprovideractivity [CONTEXT service_id=177 ]
09-29 12:55:40.508  2459  2459 I KeyboardViewHelper: Get view with height ratio:1.000000; experiment height ratio:1.000000.
09-29 12:55:40.517  2459  3219 I SuperDelight: SuperDelightBundledMetadataParser#parse(): manifest parsed with 1 packs
09-29 12:55:40.535  2459  3498 I SuperDelight: SuperDelightManager#syncBundledLanguageModels(): Syncing for version 20190203
09-29 12:55:40.549  2459  3219 I SuperDelight: BundledSlicing#getSlices() : Locale = [en_US]
09-29 12:55:40.553  2459  3219 I SuperDelight: BundledSlicing#getSlices(): result {slices=[bundled_delight:main_en_us_20180802_2], last batch=true, sync metadata=false}
09-29 12:55:40.555  2459  3219 I SP      : Syncing bundled_delight (20190203) with slices: [main_en_us_20180802_2], metadata: false
09-29 12:55:40.635  2459  5958 D libEGL  : Emulator has host GPU support, qemu.gles is set to 1.
09-29 12:55:40.637  2459  5958 W libc    : Unable to set property "qemu.gles" to "1": connection failed; errno=13 (Permission denied)
09-29 12:55:40.620  2459  2459 W RenderThread: type=1400 audit(0.0:20): avc: denied { write } for name="property_service" dev="tmpfs" ino=7427 scontext=u:r:untrusted_app_27:s0:c145,c256,c512,c768 tcontext=u:object_r:property_socket:s0 tclass=sock_file permissive=0 app=com.google.android.inputmethod.latin
09-29 12:55:40.703  2007  2037 D AutofillUI: destroySaveUiUiThread(): already destroyed
09-29 12:55:40.710  2459  3219 I SP      : Sync for bundled_delight succeeded in 169 ms: {added: [main_en_us_20180802_2], metadata: false
09-29 12:55:40.810  2459  5958 D libEGL  : loaded /vendor/lib/egl/libEGL_emulation.so
09-29 12:55:40.827  2459  5958 D libEGL  : loaded /vendor/lib/egl/libGLESv1_CM_emulation.so
09-29 12:55:40.835  2459  5958 D libEGL  : loaded /vendor/lib/egl/libGLESv2_emulation.so
09-29 12:55:40.858  2459  5955 I SuperDelight: initializeDelightSuperpacks()
09-29 12:55:40.859  2459  5955 I SuperDelight: getDelightMetadataUriAndVersion(): Phenotype : 2019100102 : https://www.gstatic.com/android/keyboard/dictionarypack/Wheelharp-normal/metadata_for_launch_noac.json
09-29 12:55:40.862  2459  3584 I Delight5Decoder: loadLanguageModel() : MAIN, version [20180802]
09-29 12:55:40.862  2459  5955 I Delight5Facilitator: Running blacklist loader
09-29 12:55:40.864  2459  3584 I native  : language-utils-delegator.cc:75 Adding en to delegate.
09-29 12:55:40.864  2459  3584 I native  : language-utils-delegator.cc:79 language en not found, so added it.
09-29 12:55:40.865  2459  5955 I Delight5Facilitator: Running contacts language model loader
09-29 12:55:40.867  2459  5955 I Delight5Facilitator: Running personal language model loader
09-29 12:55:40.869  2459  3449 I SuperDelight: SuperDelightManager#registerAndUpgradeSuperpacks(delight): current 2019100102, required 2019100102
09-29 12:55:40.869  2459  5955 I Delight5Facilitator: Running user history language model loader
09-29 12:55:40.874  2459  3498 I SuperDelight: SuperDelightManager#syncDownloadableLanguageModels(delight): [OnDevice] Syncing for version 2019100102
09-29 12:55:40.875  2459  5955 I EmojiSuperpacksManager: triggerSync() : isBundled = false
09-29 12:55:40.879  2459  5955 I EmojiSuperpacksManager: triggerSync() : isBundled = true
09-29 12:55:40.879  2459  3219 I SP      : Registering emoji.20, url: https://www.gstatic.com/android/keyboard/modelpack/emoji/20190401132437/superpacks_manifest.zip, constraints: m:*, flags: *, requested: 20, current: 20
09-29 12:55:40.880  2459  5955 I EmojiShortcutsLoader: Emoji shortcut file does not exist.
09-29 12:55:40.881  2459  5955 I EmojiShortcutsLoader: 0 emoji shortcut maps loaded.
09-29 12:55:40.882  2459  5955 I EmojiShortcutsLoader: Finished loading emoji shortcuts
09-29 12:55:40.883  2459  5955 I Delight5Facilitator: Running email language model loader
09-29 12:55:40.915  2459  5958 D HostConnection: HostConnection::get() New Host Connection established 0xc90d5450, tid 5958
09-29 12:55:40.916  2459  5958 D HostConnection: HostComposition ext ANDROID_EMU_CHECKSUM_HELPER_v1 ANDROID_EMU_dma_v1 ANDROID_EMU_direct_mem ANDROID_EMU_host_composition_v1 ANDROID_EMU_host_composition_v2 ANDROID_EMU_vulkan ANDROID_EMU_deferred_vulkan_commands ANDROID_EMU_vulkan_null_optional_strings ANDROID_EMU_vulkan_create_resources_with_requirements ANDROID_EMU_YUV_Cache ANDROID_EMU_vulkan_ignored_handles ANDROID_EMU_vulkan_free_memory_sync ANDROID_EMU_vulkan_shader_float16_int8 ANDROID_EMU_vulkan_async_queue_submit ANDROID_EMU_sync_buffer_data GL_OES_vertex_array_object GL_KHR_texture_compression_astc_ldr ANDROID_EMU_host_side_tracing ANDROID_EMU_gles_max_version_2 
09-29 12:55:40.921  2459  5958 W OpenGLRenderer: Failed to choose config with EGL_SWAP_BEHAVIOR_PRESERVED, retrying without...
09-29 12:55:40.927  2459  3219 I SP      : Registering bundled_emoji.20, url: null, constraints: m:*, flags: *, requested: 20, current: 20
09-29 12:55:40.935  2459  5955 I EmojiPredTFLiteLoader: Using locale en_US for emoji prediction
09-29 12:55:40.936  2459  5958 D EGL_emulation: eglCreateContext: 0xc8dd1aa0: maj 2 min 0 rcv 2
09-29 12:55:40.946  2459  3219 I SuperDelight: DownloadSlicing#getSlices() : Locale = [en_US]
09-29 12:55:40.961  2459  3584 I native  : proto-store.cc:45 File not found: '/data/user/0/com.google.android.inputmethod.latin/files/personal/adapt_state.en.dat'.
09-29 12:55:40.961  2459  3584 I native  : (This might be OK for example when a language is being loaded for the first time.)
09-29 12:55:40.961  2459  3584 W native  : autocorrect-adapt.h:61 Autocorrection adaptation state was empty.
09-29 12:55:40.962  2459  3584 I Delight5Decoder: Loaded main LM /data/user/0/com.google.android.inputmethod.latin/files/superpacks/delight/main_en_us_20180802_1
09-29 12:55:40.962  2459  3584 I Delight5Decoder: loadLanguageModel() : BLACKLIST, version [n/a]
09-29 12:55:40.962  2459  3584 I native  : blacklist-assembly.cc:115 LoadBlacklist en
09-29 12:55:40.962  2459  3584 I native  : blacklist.cc:217 No blacklist file for a language. (This is OK if the language is loaded for the first time.) /data/user/0/com.google.android.inputmethod.latin/files/personal/blacklist.en_us.list
09-29 12:55:40.962  2459  3584 E native  : android-decoder-jni.cc:411 Failed to load dynamic LM from /data/user/0/com.google.android.inputmethod.latin/files/personal/blacklist.en_us.list
09-29 12:55:40.963  2459  3584 W Delight5Decoder: Failed to load dynamic LM /data/user/0/com.google.android.inputmethod.latin/files/personal/blacklist.en_us.list
09-29 12:55:40.963  2459  3584 I Delight5Decoder: loadLanguageModel() : PERSONAL_DICTIONARY, version [n/a]
09-29 12:55:40.969  2459  3584 I Delight5Decoder: Loaded dynamic LM /data/user/0/com.google.android.inputmethod.latin/files/personal/Personal.en_US.dict
09-29 12:55:40.970  2459  3584 I Delight5Decoder: loadLanguageModel() : USER_HISTORY, version [n/a]
09-29 12:55:40.975  2459  3219 I SuperDelight: DownloadSlicing#getSlices(): result {slices=[delight:main_en_us_20180802_1], last batch=true, sync metadata=false}
09-29 12:55:40.975  2459  3219 I SP      : Syncing delight (2019100102) with slices: [main_en_us_20180802_1], metadata: false
09-29 12:55:40.977  2459  3584 I Delight5Decoder: Loaded dynamic LM /data/user/0/com.google.android.inputmethod.latin/files/personal/userhistory/UserHistory.en_US.dict
09-29 12:55:40.980  2459  3584 I Delight5Decoder: loadLanguageModel() : EMAIL, version [n/a]
09-29 12:55:40.987  2459  3584 I Delight5Decoder: Loaded dynamic LM /data/user/0/com.google.android.inputmethod.latin/files/personal/Email.dict
09-29 12:55:41.027  2459  5958 D EGL_emulation: eglMakeCurrent: 0xc8dd1aa0: ver 2 0 (tinfo 0xc94277f0)
09-29 12:55:41.057  1772  3340 D gralloc_ranchu: gralloc_alloc: Creating ashmem region of size 14262272
09-29 12:55:41.066  1648  1648 I hwservicemanager: getTransport: Cannot find entry android.hardware.graphics.mapper@3.0::IMapper/default in either framework or device manifest.
09-29 12:55:41.066  2459  5958 W Gralloc3: mapper 3.x is not supported
09-29 12:55:41.069  2459  5958 D HostConnection: createUnique: call
09-29 12:55:41.070  2459  5958 D HostConnection: HostConnection::get() New Host Connection established 0xc90d5590, tid 5958
09-29 12:55:41.071  2459  5958 D HostConnection: HostComposition ext ANDROID_EMU_CHECKSUM_HELPER_v1 ANDROID_EMU_dma_v1 ANDROID_EMU_direct_mem ANDROID_EMU_host_composition_v1 ANDROID_EMU_host_composition_v2 ANDROID_EMU_vulkan ANDROID_EMU_deferred_vulkan_commands ANDROID_EMU_vulkan_null_optional_strings ANDROID_EMU_vulkan_create_resources_with_requirements ANDROID_EMU_YUV_Cache ANDROID_EMU_vulkan_ignored_handles ANDROID_EMU_vulkan_free_memory_sync ANDROID_EMU_vulkan_shader_float16_int8 ANDROID_EMU_vulkan_async_queue_submit ANDROID_EMU_sync_buffer_data GL_OES_vertex_array_object GL_KHR_texture_compression_astc_ldr ANDROID_EMU_host_side_tracing ANDROID_EMU_gles_max_version_2 
09-29 12:55:41.072  2459  5958 D eglCodecCommon: allocate: Ask for block of size 0x1000
09-29 12:55:41.073  2459  5958 D eglCodecCommon: allocate: ioctl allocate returned offset 0x3ff1de000 size 0x2000
09-29 12:55:41.084  1772  3340 D gralloc_ranchu: gralloc_alloc: Creating ashmem region of size 14262272
09-29 12:55:41.101  1772  3340 D gralloc_ranchu: gralloc_alloc: Creating ashmem region of size 14262272
09-29 12:55:41.123  2459  3219 I EmojiSlicingStrategy: matchEnabledLocalesWithPackLocales() : User enabled 1 locales; returning 1 slices
09-29 12:55:41.123  2459  5958 D EGL_emulation: eglMakeCurrent: 0xc8dd1aa0: ver 2 0 (tinfo 0xc94277f0)
09-29 12:55:41.124  2459  3219 I SP      : Syncing emoji (20) with slices: [{56f61e93403a5c80d23070b28785cecd, m:*}], metadata: false
09-29 12:55:41.215  2459  3219 I EmojiSlicingStrategy: matchEnabledLocalesWithPackLocales() : User enabled 1 locales; returning 1 slices
09-29 12:55:41.215  2459  3219 I SP      : Syncing bundled_emoji (20) with slices: [{442dd7424a2b73ebe817b5223ec48db9, m:*}], metadata: false
09-29 12:55:41.240  2459  2478 I putmethod.lati: NativeAlloc concurrent copying GC freed 83774(4278KB) AllocSpace objects, 5(524KB) LOS objects, 48% free, 6478KB/12MB, paused 1.002ms total 159.306ms
09-29 12:55:41.283  2459  3219 I SuperDelight: SuperDelightMergingStrategy#merge(): selected[[main_en_us_20180802_1]] synced[[main_en_us_20180802_1]]
09-29 12:55:41.285  2459  3219 I SP      : Sync for delight succeeded in 350 ms: no changes
09-29 12:55:41.289  2459  3219 I SP      : Sync for emoji succeeded in 308 ms: no changes
09-29 12:55:41.335  2459  3219 I SP      : Sync for bundled_emoji succeeded in 155 ms: no changes
09-29 12:55:41.336  2459  3615 I EmojiSuperpacksManager: processPackSet() : isBundled = false
09-29 12:55:41.338  2459  5955 I EmojiShortcutsLoader: Reading en_US emoji shortcuts
09-29 12:55:41.345  2459  3495 I EmojiSuperpacksManager: processPackSet() : isBundled = true
09-29 12:55:41.439  2459  5955 I EmojiShortcutsLoader: Read en_US emoji shortcuts successfully.
09-29 12:55:41.439  2459  5955 I EmojiShortcutsLoader: 1 emoji shortcut maps loaded.
09-29 12:55:41.444  2459  5955 I EmojiShortcutsLoader: Finished loading emoji shortcuts
09-29 12:55:41.450  2459  5955 I EmojiShortcutsLoader: Reading en_US emoji shortcuts
09-29 12:55:41.452  2459  5958 I OpenGLRenderer: Davey! duration=1131ms; Flags=1, IntendedVsync=132302384345, Vsync=132569051001, OldestInputEvent=9223372036854775807, NewestInputEvent=0, HandleInputStart=132583630100, AnimationStart=132583681000, PerformTraversalsStart=132583727500, DrawStart=133072635600, SyncQueued=133106302600, SyncStart=133117776500, IssueDrawCommandsStart=133118212200, SwapBuffers=133403980400, FrameCompleted=133445148400, DequeueBufferDuration=1418000, QueueBufferDuration=1252000, 
09-29 12:55:41.459  2459  5955 I EmojiShortcutsLoader: Read en_US emoji shortcuts successfully.
09-29 12:55:41.459  2459  5955 I EmojiShortcutsLoader: 1 emoji shortcut maps loaded.
09-29 12:55:41.466  2459  5955 I EmojiShortcutsLoader: Finished loading emoji shortcuts
09-29 12:55:41.478  2459  2459 I Choreographer: Skipped 50 frames!  The application may be doing too much work on its main thread.
09-29 12:55:41.512  2459  5958 I OpenGLRenderer: Davey! duration=868ms; Flags=0, IntendedVsync=132635700190, Vsync=133469033490, OldestInputEvent=9223372036854775807, NewestInputEvent=0, HandleInputStart=133472298200, AnimationStart=133472396700, PerformTraversalsStart=133472445800, DrawStart=133475373500, SyncQueued=133480259500, SyncStart=133481296000, IssueDrawCommandsStart=133481496600, SwapBuffers=133487149100, FrameCompleted=133505522500, DequeueBufferDuration=287000, QueueBufferDuration=3232000, 
09-29 12:55:41.531  2459  3584 W native  : neural_spatial_model.cc:382 Output symbol table doesn't contain symbol: @
09-29 12:55:41.531  2459  3584 W native  : neural_spatial_model.cc:382 Output symbol table doesn't contain symbol: &
09-29 12:55:41.550  2459  3584 I native  : dynamic-oov-words.cc:212 AddPendingWords: 1 -> 0 0 ms
09-29 12:55:41.551  2459  5971 I FederatedC2QExtension: onCreateInternal()
09-29 12:55:41.711  2641  4135 I LogUtils: [Places]: ?: Couldn't find platform key file. [CONTEXT service_id=253 ]
09-29 12:55:41.734  2641  5973 I LogUtils: [Places]: ?: Couldn't find platform key file. [CONTEXT service_id=253 ]
09-29 12:55:41.762  2459  3610 I FederatedC2QExtension: onCreateServiceInternal()
09-29 12:55:41.764  2459  3610 I FederatedC2QExtension: onCreateServiceInternal(): Finished in 2 ms
09-29 12:55:41.804  2459  3584 I native  : input-context-store.cc:172 Ignoring stale client request for FetchSuggestions
09-29 12:55:41.807  2459  5971 I FederatedC2QExtension: onCreateInternal(): Finished in 204 ms
09-29 12:55:41.811  2459  5971 I Conv2QueryExtension: onCreate()
09-29 12:55:41.815  2459  5971 I C2QClientSingleton: registering client 'Conv2QueryExtension'
09-29 12:55:41.816  2459  5971 I Conv2QueryExtension: isEnabled() : true
09-29 12:55:41.817  2459  5971 I Conv2QueryExtension: isConv2QueryDisabledByChevronUi() : false
09-29 12:55:41.820  2459  5971 I Conv2QueryExtension: updateCandidateProvider(): isC2QAsynchronouslyTriggered: false
09-29 12:55:41.821  2641  4131 I LogUtils: [Places]: ?: PlacesBleScanner stop() [CONTEXT service_id=253 ]
09-29 12:55:41.822  2641  2641 I BeaconBle: Scan : No clients left, canceling alarm. [CONTEXT service_id=111 ]
09-29 12:55:41.824  2641  2641 I BeaconBle: Scan canceled successfully. [CONTEXT service_id=111 ]
09-29 12:55:41.838  2459  5971 I Conv2QueryExtension: Create ConversationToQueryCandidateProvider
09-29 12:55:41.843  2641  4131 I PlacesLogger: [PlaceInferenceEngine]: [anon] Changed inference mode: 0 [CONTEXT service_id=253 ]
09-29 12:55:41.843  2641  4131 I PlacesLogger: [PlaceInferenceEngine]: [account#1178712851] Changed inference mode: 0 [CONTEXT service_id=253 ]
09-29 12:55:41.848  2459  5971 I Conv2QueryExtension: onCreate() : Finished in 36 ms
09-29 12:55:41.851  2459  3250 I LstmExtension: onCreateServiceInternal()
09-29 12:55:41.851  2459  5971 I LstmExtension: onCreate(): Finished in 3 ms
09-29 12:55:41.867  2459  3250 I LstmTrainingCache: getCacheConfig()
09-29 12:55:41.886  2641  3592 W GCoreFlp: No location to return for getLastLocation()
09-29 12:55:41.910  2641  4135 I LogUtils: [Places]: ?: Couldn't find platform key file. [CONTEXT service_id=253 ]
09-29 12:55:41.923  2459  3250 I LstmExtension: onCreateServiceInternal(): Finished in 71 ms
09-29 12:55:41.923  2641  5975 I LogUtils: [Places]: ?: Couldn't find platform key file. [CONTEXT service_id=253 ]
09-29 12:55:41.939  2641  4145 I LogUtils: [Places]: ?: Couldn't find platform key file. [CONTEXT service_id=253 ]
09-29 12:55:41.943  2641  2641 I GeofencerStateMachine: removeGeofences: removeRequest=RemoveGeofencingRequest[REMOVE_BY_PENDING_INTENT pendingIntent=PendingIntent[creatorPackage=com.google.android.gms], packageName=com.google.android.gms]
09-29 12:55:41.965  2641  3629 W MessageQueue: Handler (aekz) {1bf74b4} sending message to a Handler on a dead thread
09-29 12:55:41.965  2641  3629 W MessageQueue: java.lang.IllegalStateException: Handler (aekz) {1bf74b4} sending message to a Handler on a dead thread
09-29 12:55:41.965  2641  3629 W MessageQueue: 	at android.os.MessageQueue.enqueueMessage(MessageQueue.java:558)
09-29 12:55:41.965  2641  3629 W MessageQueue: 	at android.os.Handler.enqueueMessage(Handler.java:754)
09-29 12:55:41.965  2641  3629 W MessageQueue: 	at android.os.Handler.sendMessageAtTime(Handler.java:703)
09-29 12:55:41.965  2641  3629 W MessageQueue: 	at aekz.sendMessageAtTime(:com.google.android.gms@202414022@20.24.14 (040700-319035315):0)
09-29 12:55:41.965  2641  3629 W MessageQueue: 	at android.os.Handler.sendMessageDelayed(Handler.java:673)
09-29 12:55:41.965  2641  3629 W MessageQueue: 	at android.os.Handler.post(Handler.java:403)
09-29 12:55:41.965  2641  3629 W MessageQueue: 	at bcfu.execute(Unknown Source:0)
09-29 12:55:41.965  2641  3629 W MessageQueue: 	at aaes.execute(Unknown Source:0)
09-29 12:55:41.965  2641  3629 W MessageQueue: 	at avll.a(:com.google.android.gms@202414022@20.24.14 (040700-319035315):2)
09-29 12:55:41.965  2641  3629 W MessageQueue: 	at avlz.a(:com.google.android.gms@202414022@20.24.14 (040700-319035315):5)
09-29 12:55:41.965  2641  3629 W MessageQueue: 	at avmf.a(:com.google.android.gms@202414022@20.24.14 (040700-319035315):33)
09-29 12:55:41.965  2641  3629 W MessageQueue: 	at avma.a(:com.google.android.gms@202414022@20.24.14 (040700-319035315):2)
09-29 12:55:41.965  2641  3629 W MessageQueue: 	at rqe.a(:com.google.android.gms@202414022@20.24.14 (040700-319035315):3)
09-29 12:55:41.965  2641  3629 W MessageQueue: 	at rqe.a(:com.google.android.gms@202414022@20.24.14 (040700-319035315):2)
09-29 12:55:41.965  2641  3629 W MessageQueue: 	at afwn.a(:com.google.android.gms@202414022@20.24.14 (040700-319035315):0)
09-29 12:55:41.965  2641  3629 W MessageQueue: 	at rou.a(:com.google.android.gms@202414022@20.24.14 (040700-319035315):0)
09-29 12:55:41.965  2641  3629 W MessageQueue: 	at cpc.onTransact(:com.google.android.gms@202414022@20.24.14 (040700-319035315):8)
09-29 12:55:41.965  2641  3629 W MessageQueue: 	at android.os.Binder.execTransactInternal(Binder.java:1021)
09-29 12:55:41.965  2641  3629 W MessageQueue: 	at android.os.Binder.execTransact(Binder.java:994)
09-29 12:55:44.460  2855  5977 I Vision  : Requesting optional module download of ocr.
09-29 12:55:44.461  2855  5977 I Vision  : Checking for download completion for 146454 -- ocr
09-29 12:55:45.364  2459  2459 I PhenotypeExpConfig: refreshConfiguration() : Force = false : UpdateAvailable = false : Age = 1 minutes : MaxAge = 720 minutes
09-29 12:55:45.370  2459  2459 I AndroidIME: LatinIme.onDeactivate()
09-29 12:55:45.388  2459  2459 I KeyboardViewUtil: systemKeyboardHeightRatio:1.000000; userKeyboardHeightRatio:1.000000.
09-29 12:55:45.389  2459  2459 I AndroidIME: LatinIme.onActivate() : EditorInfo = Package = com.example.contentprovideractivity : Type = Text : Learning = Enable : Suggestion = Show : AutoCorrection = Enable : Microphone = Show : NoPersonalizedLearning = Disable
09-29 12:55:45.411  2459  2459 I Conv2QueryExtension: Current locale: en_US, config allows these locales: de,en,es,fr,it,ms,pt,ta
09-29 12:55:45.411  2459  2459 I Conv2QueryExtension: Conv2Query not enabled due to current app [com.example.contentprovideractivity] not in whitelist
09-29 12:55:45.411  2459  2459 I Conv2QueryExtension: onActivate() : Disabled by unsupported host app
09-29 12:55:46.314  3129  3389 I WorkerManager: dispose()
09-29 12:55:46.315  3129  3389 W ThreadPoolDumper: Queue length for executor EventBus is now 11. Perhaps some tasks are too long, or the pool is too small.
09-29 12:55:46.846  2007  2044 E memtrack: Couldn't load memtrack module
09-29 12:55:46.846  2007  2044 W android.os.Debug: failed to get memory consumption info: -1
09-29 12:55:46.848  2641  2641 I BeaconBle: Scan : No clients left, canceling alarm. [CONTEXT service_id=111 ]
09-29 12:55:47.275  5905  5905 D com.example.contentprovideractivity.MainActivity: AddName button pressed
09-29 12:55:47.283  1790  5070 D AF::TrackHandle: OpPlayAudio: track:56 usage:13 not muted
09-29 12:55:47.287  2007  2129 W AudioTrack: createTrack_l(7274601): AUDIO_OUTPUT_FLAG_FAST denied by server; frameCount 0 -> 4512
09-29 12:55:47.291  5905  5905 D com.example.contentprovideractivity.CP_DatabaseExample:   insert() method executed ::::content://com.example.contentprovideractivity.CP_DatabaseExample/students/6
09-29 12:55:47.293  1750  4929 W audio_hw_generic: Not supplying enough data to HAL, expected position 216841 , only wrote 216808
09-29 12:55:47.311  5905  5905 D com.example.contentprovideractivity.MainActivity: uri is ::content://com.example.contentprovideractivity.CP_DatabaseExample/students/6
09-29 12:55:47.389  1772  3340 D gralloc_ranchu: gralloc_alloc: Creating ashmem region of size 1282048
09-29 12:55:47.398  1772  3340 I chatty  : uid=1000(system) HwBinder:1772_2 identical 1 line
09-29 12:55:47.400  1772  3340 D gralloc_ranchu: gralloc_alloc: Creating ashmem region of size 1282048
09-29 12:55:47.402  5905  5937 D EGL_emulation: eglMakeCurrent: 0xec116f60: ver 2 0 (tinfo 0xe0b67070)
09-29 12:55:47.419  5905  5937 D EGL_emulation: eglMakeCurrent: 0xec116f60: ver 2 0 (tinfo 0xe0b67070)
09-29 12:55:48.282  2459  2459 I PhenotypeExpConfig: refreshConfiguration() : Force = false : UpdateAvailable = false : Age = 1 minutes : MaxAge = 720 minutes
09-29 12:55:48.287  2459  2459 I AndroidIME: LatinIme.onDeactivate()
09-29 12:55:48.339  1772  3340 D gralloc_ranchu: gralloc_alloc: Creating ashmem region of size 81920
09-29 12:55:48.346  1772  3340 D gralloc_ranchu: gralloc_alloc: Creating ashmem region of size 81920
09-29 12:55:48.350  5905  5937 D EGL_emulation: eglMakeCurrent: 0xec116f60: ver 2 0 (tinfo 0xe0b67070)
09-29 12:55:48.352  1772  1817 D gralloc_ranchu: gralloc_alloc: Creating ashmem region of size 81920
09-29 12:55:48.386  5905  5937 D EGL_emulation: eglMakeCurrent: 0xec116f60: ver 2 0 (tinfo 0xe0b67070)
09-29 12:55:48.390  2459  2459 I KeyboardViewUtil: systemKeyboardHeightRatio:1.000000; userKeyboardHeightRatio:1.000000.
09-29 12:55:48.390  2459  2459 I AndroidIME: LatinIme.onActivate() : EditorInfo = Package = com.example.contentprovideractivity : Type = Text : Learning = Enable : Suggestion = Show : AutoCorrection = Enable : Microphone = Show : NoPersonalizedLearning = Disable
09-29 12:55:48.413  2459  2459 I Conv2QueryExtension: Current locale: en_US, config allows these locales: de,en,es,fr,it,ms,pt,ta
09-29 12:55:48.414  2459  2459 I Conv2QueryExtension: Conv2Query not enabled due to current app [com.example.contentprovideractivity] not in whitelist
09-29 12:55:48.414  2459  2459 I Conv2QueryExtension: onActivate() : Disabled by unsupported host app
09-29 12:55:48.417  5905  5937 D EGL_emulation: eglMakeCurrent: 0xec116f60: ver 2 0 (tinfo 0xe0b67070)
09-29 12:55:48.444  5905  5937 D EGL_emulation: eglMakeCurrent: 0xec116f60: ver 2 0 (tinfo 0xe0b67070)
09-29 12:55:49.062  2007  3021 E InputDispatcher: Window handle Window{67049e6 u0 PopupWindow:79f4d15} has no registered input channel
09-29 12:55:49.688  5905  5905 E SpannableStringBuilder: SPAN_EXCLUSIVE_EXCLUSIVE spans cannot have a zero length
09-29 12:55:49.688  5905  5905 E SpannableStringBuilder: SPAN_EXCLUSIVE_EXCLUSIVE spans cannot have a zero length
09-29 12:55:50.457  1750  1750 W audio_hw_generic: Not supplying enough data to HAL, expected position 494047 , only wrote 356279
09-29 12:55:50.629  2007  2044 E memtrack: Couldn't load memtrack module
09-29 12:55:50.629  2007  2044 W android.os.Debug: failed to get memory consumption info: -1
09-29 12:55:50.836  2007  3039 W NotificationService: Toast already killed. pkg=com.example.contentprovideractivity callback=android.app.ITransientNotification$Stub$Proxy@8efbc17
09-29 12:55:51.783  5905  5905 E SpannableStringBuilder: SPAN_EXCLUSIVE_EXCLUSIVE spans cannot have a zero length
09-29 12:55:51.783  5905  5905 E SpannableStringBuilder: SPAN_EXCLUSIVE_EXCLUSIVE spans cannot have a zero length
09-29 12:55:54.469  2855  5985 I Vision  : Requesting optional module download of ocr.
09-29 12:55:54.469  2855  5985 I Vision  : Checking for download completion for 156463 -- ocr
09-29 12:55:55.966  1750  4929 W audio_hw_generic: Not supplying enough data to HAL, expected position 356292 , only wrote 356279
09-29 12:55:55.982  2459  2459 I PhenotypeExpConfig: refreshConfiguration() : Force = false : UpdateAvailable = false : Age = 1 minutes : MaxAge = 720 minutes
09-29 12:55:55.985  2459  2459 I AndroidIME: LatinIme.onDeactivate()
09-29 12:55:55.992  2459  2459 I KeyboardViewUtil: systemKeyboardHeightRatio:1.000000; userKeyboardHeightRatio:1.000000.
09-29 12:55:55.992  2459  2459 I AndroidIME: LatinIme.onActivate() : EditorInfo = Package = com.example.contentprovideractivity : Type = Text : Learning = Enable : Suggestion = Show : AutoCorrection = Enable : Microphone = Show : NoPersonalizedLearning = Disable
09-29 12:55:56.007  2459  2459 I Conv2QueryExtension: Current locale: en_US, config allows these locales: de,en,es,fr,it,ms,pt,ta
09-29 12:55:56.008  2459  2459 I Conv2QueryExtension: Conv2Query not enabled due to current app [com.example.contentprovideractivity] not in whitelist
09-29 12:55:56.008  2459  2459 I Conv2QueryExtension: onActivate() : Disabled by unsupported host app
09-29 12:55:56.688  2007  2044 E memtrack: Couldn't load memtrack module
09-29 12:55:56.688  2007  2044 W android.os.Debug: failed to get memory consumption info: -1
09-29 12:55:56.691  2007  2044 E memtrack: Couldn't load memtrack module
09-29 12:55:56.692  2007  2044 W android.os.Debug: failed to get memory consumption info: -1
09-29 12:55:56.960  2007  2044 E memtrack: Couldn't load memtrack module
09-29 12:55:56.960  2007  2044 W android.os.Debug: failed to get memory consumption info: -1
09-29 12:55:57.456  2459  3584 I native  : crank.cc:69 Overriding decoder candidates by Crank
09-29 12:55:59.064  5905  5905 D com.example.contentprovideractivity.MainActivity: AddName button pressed
09-29 12:55:59.077  5905  5905 D com.example.contentprovideractivity.CP_DatabaseExample:   insert() method executed ::::content://com.example.contentprovideractivity.CP_DatabaseExample/students/7
09-29 12:55:59.087  5905  5905 D com.example.contentprovideractivity.MainActivity: uri is ::content://com.example.contentprovideractivity.CP_DatabaseExample/students/7
09-29 12:55:59.100  1750  1750 W audio_hw_generic: Not supplying enough data to HAL, expected position 630746 , only wrote 494428
09-29 12:55:59.105  1750  4929 W audio_hw_generic: Not supplying enough data to HAL, expected position 494467 , only wrote 494428
09-29 12:55:59.160  1772  1817 D gralloc_ranchu: gralloc_alloc: Creating ashmem region of size 1282048
09-29 12:55:59.170  1772  1817 I chatty  : uid=1000(system) HwBinder:1772_1 identical 1 line
09-29 12:55:59.176  1772  1817 D gralloc_ranchu: gralloc_alloc: Creating ashmem region of size 1282048
09-29 12:55:59.184  5905  5937 D EGL_emulation: eglMakeCurrent: 0xec116f60: ver 2 0 (tinfo 0xe0b67070)
09-29 12:55:59.200  5905  5937 D EGL_emulation: eglMakeCurrent: 0xec116f60: ver 2 0 (tinfo 0xe0b67070)
09-29 12:56:00.002  2152  2152 D KeyguardClockSwitch: Updating clock: 12î¸56
09-29 12:56:00.015  2152  2563 D EGL_emulation: eglMakeCurrent: 0xec077b00: ver 2 0 (tinfo 0xca5d2010)
09-29 12:56:01.483  2007  2044 E memtrack: Couldn't load memtrack module
09-29 12:56:01.483  2007  2044 W android.os.Debug: failed to get memory consumption info: -1
09-29 12:56:01.759  1750  4929 W audio_hw_generic: Not supplying enough data to HAL, expected position 611473 , only wrote 606137
09-29 12:56:01.766  1750  4929 W audio_hw_generic: Not supplying enough data to HAL, expected position 606411 , only wrote 606137
09-29 12:56:01.783  1750  4929 W audio_hw_generic: Not supplying enough data to HAL, expected position 606893 , only wrote 606798
09-29 12:56:01.827  2007  2007 W WindowManager: removeWindowToken: Attempted to remove non-existing token: android.os.Binder@3bad637
09-29 12:56:01.889  2152  2152 I KeyButtonView: Back button event: ACTION_DOWN
09-29 12:56:01.893  2007  2107 V InputDispatcher: Asynchronous input event injection succeeded.
09-29 12:56:01.900  2152  2563 D EGL_emulation: eglMakeCurrent: 0xec077b00: ver 2 0 (tinfo 0xca5d2010)
09-29 12:56:01.949  2152  2152 I KeyButtonView: Back button event: ACTION_UP
09-29 12:56:01.951  2007  2037 D AutofillManagerService: onBackKeyPressed()
09-29 12:56:01.952  2007  2107 V InputDispatcher: Asynchronous input event injection succeeded.
09-29 12:56:01.965  2007  3021 I ActivityManager: Killing 4828:com.google.process.gapps/u0a125 (adj 975): empty #17
09-29 12:56:01.979  2459  2459 I PhenotypeExpConfig: refreshConfiguration() : Force = false : UpdateAvailable = false : Age = 1 minutes : MaxAge = 720 minutes
09-29 12:56:02.028  2459  2459 I AndroidIME: LatinIme.onDeactivate()
09-29 12:56:02.035  2459  5958 D EGL_emulation: eglMakeCurrent: 0xc8dd1aa0: ver 2 0 (tinfo 0xc94277f0)
09-29 12:56:02.062  1744  1744 I Zygote  : Process 4828 exited due to signal 9 (Killed)
09-29 12:56:02.077  2007  2047 I libprocessgroup: Successfully killed process cgroup uid 10125 pid 4828 in 90ms
09-29 12:56:02.661  2007  3037 W NotificationService: Toast already killed. pkg=com.example.contentprovideractivity callback=android.app.ITransientNotification$Stub$Proxy@76b1400
09-29 12:56:03.508  1750  4929 W audio_hw_generic: Not supplying enough data to HAL, expected position 682880 , only wrote 682813
09-29 12:56:03.509  1750  4929 W audio_hw_generic: Not supplying enough data to HAL, expected position 682861 , only wrote 682813
09-29 12:56:03.525  1750  4929 W audio_hw_generic: Not supplying enough data to HAL, expected position 683526 , only wrote 683474
09-29 12:56:03.969  5905  5905 D com.example.contentprovideractivity.MainActivity: update name Students button pressed
09-29 12:56:03.987  5905  5905 D com.example.contentprovideractivity.CP_DatabaseExample:  update() method executed::  2
09-29 12:56:04.001  5905  5905 D com.example.contentprovideractivity.MainActivity: number of rows updated ::2
09-29 12:56:04.066  1772  1817 D gralloc_ranchu: gralloc_alloc: Creating ashmem region of size 135168
09-29 12:56:04.073  1772  1817 I chatty  : uid=1000(system) HwBinder:1772_1 identical 1 line
09-29 12:56:04.075  1772  1817 D gralloc_ranchu: gralloc_alloc: Creating ashmem region of size 135168
09-29 12:56:04.085  5905  5937 D EGL_emulation: eglMakeCurrent: 0xec116f60: ver 2 0 (tinfo 0xe0b67070)
09-29 12:56:04.099  5905  5937 D EGL_emulation: eglMakeCurrent: 0xec116f60: ver 2 0 (tinfo 0xe0b67070)
09-29 12:56:04.488  2855  5987 I Vision  : Requesting optional module download of ocr.
09-29 12:56:04.489  2855  5987 I Vision  : Checking for download completion for 166482 -- ocr
09-29 12:56:04.641  1743  2747 W DnsTlsSocket: SSL_connect error 5, errno=110
09-29 12:56:06.018  2007  3021 W NotificationService: Toast already killed. pkg=com.example.contentprovideractivity callback=android.app.ITransientNotification$Stub$Proxy@677303a
09-29 12:56:07.079  1750  1750 W audio_hw_generic: Not supplying enough data to HAL, expected position 995779 , only wrote 840131
09-29 12:56:07.521  2007  2039 W WindowManager: Unable to start animation, surface is null or no children.
09-29 12:56:07.670  5905  5905 D com.example.contentprovideractivity.MainActivity: Retrieve Students button pressed
09-29 12:56:07.679  1750  4929 W audio_hw_generic: Not supplying enough data to HAL, expected position 840256 , only wrote 840131
09-29 12:56:07.681  5905  5905 D com.example.contentprovideractivity.CP_DatabaseExample:  query() executed & return the cursor :::: android.database.sqlite.SQLiteCursor@8e84830
09-29 12:56:07.696  5905  5905 D com.example.contentprovideractivity.MainActivity: Retrieve Student Data6, Vijay, A+
09-29 12:56:07.729  1772  1817 D gralloc_ranchu: gralloc_alloc: Creating ashmem region of size 278528
09-29 12:56:07.737  1772  1817 I chatty  : uid=1000(system) HwBinder:1772_1 identical 1 line
09-29 12:56:07.738  1772  1817 D gralloc_ranchu: gralloc_alloc: Creating ashmem region of size 278528
09-29 12:56:07.750  5905  5937 D EGL_emulation: eglMakeCurrent: 0xec116f60: ver 2 0 (tinfo 0xe0b67070)
09-29 12:56:08.378  2007  3021 W ActivityManager: Background start not allowed: service Intent { cmp=com.google.android.apps.messaging/.shared.datamodel.action.execution.ActionExecutorImpl$EmptyService } to com.google.android.apps.messaging/.shared.datamodel.action.execution.ActionExecutorImpl$EmptyService from pid=3971 uid=10130 pkg=com.google.android.apps.messaging startFg?=false
09-29 12:56:07.765  5905  5937 D EGL_emulation: eglMakeCurrent: 0xec116f60: ver 2 0 (tinfo 0xe0b67070)
09-29 12:56:08.378  3971  3971 W BugleDataModel: ActionExecutorImpl: Action started execution, but we can't guarantee it will complete, the app may be killed. Action: class com.google.android.apps.messaging.shared.datamodel.action.SelfParticipantsRefreshAction-SelfParticipantsRefreshAction:40056005
09-29 12:56:08.378  3971  3971 W BugleDataModel: java.lang.IllegalStateException: Not allowed to start service Intent { cmp=com.google.android.apps.messaging/.shared.datamodel.action.execution.ActionExecutorImpl$EmptyService }: app is in background uid UidRecord{45b6661 u0a130 CEM  idle change:cached procs:1 seq(0,0,0)}
09-29 12:56:08.378  3971  3971 W BugleDataModel: 	at android.app.ContextImpl.startServiceCommon(ContextImpl.java:1616)
09-29 12:56:08.378  3971  3971 W BugleDataModel: 	at android.app.ContextImpl.startService(ContextImpl.java:1571)
09-29 12:56:08.378  3971  3971 W BugleDataModel: 	at android.content.ContextWrapper.startService(ContextWrapper.java:669)
09-29 12:56:08.378  3971  3971 W BugleDataModel: 	at com.google.android.apps.messaging.shared.datamodel.action.execution.ActionExecutorImpl.e(SourceFile:107)
09-29 12:56:08.378  3971  3971 W BugleDataModel: 	at com.google.android.apps.messaging.shared.datamodel.action.execution.ActionExecutorImpl.a(SourceFile:19)
09-29 12:56:08.378  3971  3971 W BugleDataModel: 	at com.google.android.apps.messaging.shared.datamodel.action.execution.ActionExecutorImpl.a(SourceFile:16)
09-29 12:56:08.378  3971  3971 W BugleDataModel: 	at dya.c(SourceFile:12)
09-29 12:56:08.378  3971  3971 W BugleDataModel: 	at dyb.run(Unknown Source:2)
09-29 12:56:08.378  3971  3971 W BugleDataModel: 	at android.os.Handler.handleCallback(Handler.java:883)
09-29 12:56:08.378  3971  3971 W BugleDataModel: 	at android.os.Handler.dispatchMessage(Handler.java:100)
09-29 12:56:08.378  3971  3971 W BugleDataModel: 	at android.os.Looper.loop(Looper.java:214)
09-29 12:56:08.378  3971  3971 W BugleDataModel: 	at android.app.ActivityThread.main(ActivityThread.java:7356)
09-29 12:56:08.378  3971  3971 W BugleDataModel: 	at java.lang.reflect.Method.invoke(Native Method)
09-29 12:56:08.378  3971  3971 W BugleDataModel: 	at com.android.internal.os.RuntimeInit$MethodAndArgsCaller.run(RuntimeInit.java:492)
09-29 12:56:08.378  3971  3971 W BugleDataModel: 	at com.android.internal.os.ZygoteInit.main(ZygoteInit.java:930)
09-29 12:56:08.380  3971  4769 I BugleDataModel: ParticipantRefresh: Start participant refresh. refreshMode: 1
09-29 12:56:08.402  3971  4769 I BugleBackup: Registering preference change listener for "buglesub_1".
09-29 12:56:08.611  3971  4769 I BugleDataModel: ParticipantRefresh: Number of participants refreshed: 0
09-29 12:56:09.705  2007  3021 W NotificationService: Toast already killed. pkg=com.example.contentprovideractivity callback=android.app.ITransientNotification$Stub$Proxy@8b8bbf2
09-29 12:56:10.799  1750  1750 W audio_hw_generic: Not supplying enough data to HAL, expected position 1113429 , only wrote 977619
09-29 12:56:10.991  5905  5905 D com.example.contentprovideractivity.MainActivity: delete Students name  button pressed
09-29 12:56:11.006  5905  5905 D com.example.contentprovideractivity.CP_DatabaseExample:  Database delete() method executed   valoues ::::  2
09-29 12:56:11.008  1750  4929 W audio_hw_generic: Not supplying enough data to HAL, expected position 977769 , only wrote 977619
09-29 12:56:11.022  5905  5905 D com.example.contentprovideractivity.MainActivity: number of rows in table  deteled 
09-29 12:56:11.055  1772  1817 D gralloc_ranchu: gralloc_alloc: Creating ashmem region of size 135168
09-29 12:56:11.062  1772  1817 I chatty  : uid=1000(system) HwBinder:1772_1 identical 1 line
09-29 12:56:11.066  1772  1817 D gralloc_ranchu: gralloc_alloc: Creating ashmem region of size 135168
09-29 12:56:11.068  5905  5937 D EGL_emulation: eglMakeCurrent: 0xec116f60: ver 2 0 (tinfo 0xe0b67070)
09-29 12:56:11.218  2007  2039 W WindowManager: Unable to start animation, surface is null or no children.
09-29 12:56:11.082  5905  5937 D EGL_emulation: eglMakeCurrent: 0xec116f60: ver 2 0 (tinfo 0xe0b67070)
09-29 12:56:11.401  3129  3433 W GmsLocationProvider: Error removing location updates: 16
09-29 12:56:13.617  2007  2007 W WindowManager: removeWindowToken: Attempted to remove non-existing token: android.os.Binder@9e6e51e
09-29 12:56:14.142  1750  1750 W audio_hw_generic: Not supplying enough data to HAL, expected position 1252245 , only wrote 1115768
09-29 12:56:14.496  2855  5992 I Vision  : Requesting optional module download of ocr.
09-29 12:56:14.496  2855  5992 I Vision  : Exceeded maximum feature download tries for ocr
09-29 12:56:14.496  2855  5992 W Vision  : Request of optional module download of ocr failed.
09-29 12:56:14.496  2855  5992 I Vision  : Checking for download completion for 176490 -- ocr
09-29 12:56:14.532  2007  2969 W NotificationService: Toast already killed. pkg=com.example.contentprovideractivity callback=android.app.ITransientNotification$Stub$Proxy@c5af708
09-29 12:56:14.887  1743  3363 W DnsTlsSocket: SSL_connect error 5, errno=110
09-29 12:56:15.342  5905  5905 D com.example.contentprovideractivity.MainActivity: AddName button pressed
09-29 12:56:15.355  5905  5905 D com.example.contentprovideractivity.CP_DatabaseExample:   insert() method executed ::::content://com.example.contentprovideractivity.CP_DatabaseExample/students/8
09-29 12:56:15.355  1750  4929 W audio_hw_generic: Not supplying enough data to HAL, expected position 1115891 , only wrote 1115768
09-29 12:56:15.361  5905  5905 D com.example.contentprovideractivity.MainActivity: uri is ::content://com.example.contentprovideractivity.CP_DatabaseExample/students/8
09-29 12:56:15.394  1772  1817 D gralloc_ranchu: gralloc_alloc: Creating ashmem region of size 1282048
09-29 12:56:15.403  1772  1817 I chatty  : uid=1000(system) HwBinder:1772_1 identical 1 line
09-29 12:56:15.409  1772  1817 D gralloc_ranchu: gralloc_alloc: Creating ashmem region of size 1282048
09-29 12:56:15.411  5905  5937 D EGL_emulation: eglMakeCurrent: 0xec116f60: ver 2 0 (tinfo 0xe0b67070)
09-29 12:56:17.010  2007  2007 W WindowManager: removeWindowToken: Attempted to remove non-existing token: android.os.Binder@b6d702c
09-29 12:56:15.426  5905  5937 D EGL_emulation: eglMakeCurrent: 0xec116f60: ver 2 0 (tinfo 0xe0b67070)
09-29 12:56:17.211  2007  2044 E memtrack: Couldn't load memtrack module
09-29 12:56:17.211  2007  2044 W android.os.Debug: failed to get memory consumption info: -1
09-29 12:56:17.214  2007  2044 E memtrack: Couldn't load memtrack module
09-29 12:56:17.214  2007  2044 W android.os.Debug: failed to get memory consumption info: -1
09-29 12:56:18.475  1750  1750 W audio_hw_generic: Not supplying enough data to HAL, expected position 1390006 , only wrote 1253256
09-29 12:56:18.868  2007  2025 W NotificationService: Toast already killed. pkg=com.example.contentprovideractivity callback=android.app.ITransientNotification$Stub$Proxy@3c039e4
09-29 12:56:20.703  2007  2007 W WindowManager: removeWindowToken: Attempted to remove non-existing token: android.os.Binder@6b09260
09-29 12:56:20.738  1772  1817 D gralloc_ranchu: gralloc_alloc: Creating ashmem region of size 81920
09-29 12:56:20.742  1772  1817 D gralloc_ranchu: gralloc_alloc: Creating ashmem region of size 81920
09-29 12:56:20.743  5905  5937 D EGL_emulation: eglMakeCurrent: 0xec116f60: ver 2 0 (tinfo 0xe0b67070)
09-29 12:56:20.750  1772  1817 D gralloc_ranchu: gralloc_alloc: Creating ashmem region of size 81920
09-29 12:56:20.757  5905  5937 D EGL_emulation: eglMakeCurrent: 0xec116f60: ver 2 0 (tinfo 0xe0b67070)
09-29 12:56:20.761  2459  2459 I KeyboardViewUtil: systemKeyboardHeightRatio:1.000000; userKeyboardHeightRatio:1.000000.
