09-29 12:56:20.761  2459  2459 I AndroidIME: LatinIme.onActivate() : EditorInfo = Package = com.example.contentprovideractivity : Type = Text : Learning = Enable : Suggestion = Show : AutoCorrection = Enable : Microphone = Show : NoPersonalizedLearning = Disable
09-29 12:56:20.781  2459  2459 I Conv2QueryExtension: Current locale: en_US, config allows these locales: de,en,es,fr,it,ms,pt,ta
09-29 12:56:20.781  2459  2459 I Conv2QueryExtension: Conv2Query not enabled due to current app [com.example.contentprovideractivity] not in whitelist
09-29 12:56:20.781  2459  2459 I Conv2QueryExtension: onActivate() : Disabled by unsupported host app
09-29 12:56:20.795  5905  5937 D EGL_emulation: eglMakeCurrent: 0xec116f60: ver 2 0 (tinfo 0xe0b67070)
09-29 12:56:20.805  1772  1817 D gralloc_ranchu: gralloc_alloc: Creating ashmem region of size 14262272
09-29 12:56:20.824  1772  1817 D gralloc_ranchu: gralloc_alloc: Creating ashmem region of size 14262272
09-29 12:56:20.824  5905  5937 D EGL_emulation: eglMakeCurrent: 0xec116f60: ver 2 0 (tinfo 0xe0b67070)
09-29 12:56:20.828  2459  5958 D EGL_emulation: eglMakeCurrent: 0xc8dd1aa0: ver 2 0 (tinfo 0xc94277f0)
09-29 12:56:20.852  1772  1817 D gralloc_ranchu: gralloc_alloc: Creating ashmem region of size 14262272
09-29 12:56:21.846  2007  2025 E InputDispatcher: Window handle Window{ea4a48b u0 PopupWindow:79f4d15} has no registered input channel
09-29 12:56:22.727  5905  5905 E SpannableStringBuilder: SPAN_EXCLUSIVE_EXCLUSIVE spans cannot have a zero length
09-29 12:56:22.727  5905  5905 E SpannableStringBuilder: SPAN_EXCLUSIVE_EXCLUSIVE spans cannot have a zero length
09-29 12:56:23.528  2007  2044 E memtrack: Couldn't load memtrack module
09-29 12:56:23.528  2007  2044 W android.os.Debug: failed to get memory consumption info: -1
09-29 12:56:24.513  2855  5994 I Vision  : Requesting optional module download of ocr.
09-29 12:56:24.526  2855  5994 I Vision  : Checking for download completion for 186519 -- ocr
09-29 12:56:24.536  2855  5994 I ChimeraConfigurator: Starting update, reason: 4 urgentFeatures: vision.ocr:-1
09-29 12:56:24.537  2855  5994 E ConfigFileUtils: Failed to read config file: /data/user_de/0/com.google.android.gms/app_chimera/next_container.pb: open failed: ENOENT (No such file or directory)
09-29 12:56:24.567  2855  5994 I ChmraDebugLogger: [73] 1801
09-29 12:56:24.571  2855  5994 I ChmraDebugLogger: [30] [VisionOcr.optional:202414000700] permitMetered=true,
09-29 12:56:24.574  2855  5994 W ChimeraConfigService: Retry attempt was throttled.
09-29 12:56:24.629  2641  5973 I NetworkScheduler.Stats: Task com.google.android.gms/com.google.android.gms.ads.jams.NegotiationService started execution. cause:4 exec_start_elapsed_seconds: 176 [CONTEXT service_id=218 ]
09-29 12:56:24.727  2855  3633 I TelephonySpam: TelephonySpamChimeraService - Running Telephony Spam Chimera Service
09-29 12:56:24.729  2641  5975 I NetworkScheduler.Stats: Task com.google.android.gms/com.google.android.gms.telephonyspam.sync.SpamListSyncTaskService started execution. cause:4 exec_start_elapsed_seconds: 176 [CONTEXT service_id=218 ]
09-29 12:56:24.731  2641  5975 I NetworkScheduler.Stats: Task com.google.android.gms/com.google.android.gms.ads.jams.NegotiationService finished executing. cause:4 result: 1 elapsed_millis: 152 uptime_millis: 152 exec_start_elapsed_seconds: 176 [CONTEXT service_id=218 ]
09-29 12:56:24.738  2855  3633 I TelephonySpam: TelephonySpamChimeraService - Cleaning SIP Header local table of old entries
09-29 12:56:24.739  2855  3633 I TelephonySpam: SpamListSync - Call spam module disabled. Skipping cleaning cache sip header table.
09-29 12:56:24.739  2855  3633 I TelephonySpam: TelephonySpamChimeraService - Syncing Call Spam List
09-29 12:56:24.740  2855  3633 I TelephonySpam: SpamListSync - SpamListSyncChimeraService.syncSpamList called with tag: telephonyspam.SpamListSyncOneOffTask, extras: Bundle[{SpamList Type=0, Action=1.0}]
09-29 12:56:24.740  2855  3633 I TelephonySpam: SpamListSync - Call spam module disabled. Skipping spam list syncing.
09-29 12:56:24.740  2855  3633 I TelephonySpam: TelephonySpamChimeraService - Syncing Sms Spam List
09-29 12:56:24.740  2855  3633 I TelephonySpam: SpamListSync - SpamListSyncChimeraService.syncSpamList called with tag: telephonyspam.SpamListSyncOneOffTask, extras: Bundle[{SpamList Type=1, Action=1.0}]
09-29 12:56:24.740  2855  3633 I TelephonySpam: SpamListSync - SMS spam module disabled. Skipping spam list syncing.
09-29 12:56:24.830  2641  3920 I NetworkScheduler.Stats: Task com.google.android.gms/com.google.android.gms.telephonyspam.sync.SpamListSyncTaskService finished executing. cause:4 result: 1 elapsed_millis: 148 uptime_millis: 148 exec_start_elapsed_seconds: 176 [CONTEXT service_id=218 ]
09-29 12:56:24.841  2641  3920 I NetworkScheduler.Stats: Task com.google.android.gms/com.google.android.gms.clearcut.uploader.QosUploaderService started execution. cause:5 exec_start_elapsed_seconds: 176 [CONTEXT service_id=218 ]
09-29 12:56:24.843  2641  3920 I NetworkScheduler.Stats: Task com.google.android.gms/com.google.android.gms.clearcut.uploader.QosUploaderService finished executing. cause:5 result: 1 elapsed_millis: 58 uptime_millis: 58 exec_start_elapsed_seconds: 176 [CONTEXT service_id=218 ]
09-29 12:56:24.944  2641  3920 W .gms.persisten: Long monitor contention with owner netscheduler-queue-handler (3675) at int aqtk.a(aqte, aauy)(:com.google.android.gms@202414022@20.24.14 (040700-319035315):88) waiters=0 in void aqth.a(aqqv, int) for 101ms
09-29 12:56:24.947  2641  3920 I NetworkScheduler.Stats: Task com.google.android.gms/com.google.android.gms.instantapps.routing.DomainFilterUpdateService started execution. cause:5 exec_start_elapsed_seconds: 176 [CONTEXT service_id=218 ]
09-29 12:56:24.949  2007  5843 W ActivityManager: Unable to start service Intent { act=com.android.vending.contentfilters.IContentFiltersService.BIND pkg=com.android.vending } U=0: not found
09-29 12:56:24.950  2641  3920 W ConnectionTracker: Exception thrown while unbinding
09-29 12:56:24.950  2641  3920 W ConnectionTracker: java.lang.IllegalArgumentException: Service not registered: rga@4be1c70
09-29 12:56:24.950  2641  3920 W ConnectionTracker: 	at android.app.LoadedApk.forgetServiceDispatcher(LoadedApk.java:1751)
09-29 12:56:24.950  2641  3920 W ConnectionTracker: 	at android.app.ContextImpl.unbindService(ContextImpl.java:1776)
09-29 12:56:24.950  2641  3920 W ConnectionTracker: 	at android.content.ContextWrapper.unbindService(ContextWrapper.java:741)
09-29 12:56:24.950  2641  3920 W ConnectionTracker: 	at android.content.ContextWrapper.unbindService(ContextWrapper.java:741)
09-29 12:56:24.950  2641  3920 W ConnectionTracker: 	at slx.c(:com.google.android.gms@202414022@20.24.14 (040700-319035315):4)
09-29 12:56:24.950  2641  3920 W ConnectionTracker: 	at slx.a(:com.google.android.gms@202414022@20.24.14 (040700-319035315):6)
09-29 12:56:24.950  2641  3920 W ConnectionTracker: 	at adku.b(:com.google.android.gms@202414022@20.24.14 (040700-319035315):14)
09-29 12:56:24.950  2641  3920 W ConnectionTracker: 	at adkd.a(:com.google.android.gms@202414022@20.24.14 (040700-319035315):0)
09-29 12:56:24.950  2641  3920 W ConnectionTracker: 	at adkk.call(:com.google.android.gms@202414022@20.24.14 (040700-319035315):0)
09-29 12:56:24.950  2641  3920 W ConnectionTracker: 	at java.util.concurrent.FutureTask.run(FutureTask.java:266)
09-29 12:56:24.950  2641  3920 W ConnectionTracker: 	at soy.b(:com.google.android.gms@202414022@20.24.14 (040700-319035315):12)
09-29 12:56:24.950  2641  3920 W ConnectionTracker: 	at soy.run(:com.google.android.gms@202414022@20.24.14 (040700-319035315):7)
09-29 12:56:24.950  2641  3920 W ConnectionTracker: 	at java.util.concurrent.ThreadPoolExecutor.runWorker(ThreadPoolExecutor.java:1167)
09-29 12:56:24.950  2641  3920 W ConnectionTracker: 	at java.util.concurrent.ThreadPoolExecutor$Worker.run(ThreadPoolExecutor.java:641)
09-29 12:56:24.950  2641  3920 W ConnectionTracker: 	at sux.run(:com.google.android.gms@202414022@20.24.14 (040700-319035315):0)
09-29 12:56:24.950  2641  3920 W ConnectionTracker: 	at java.lang.Thread.run(Thread.java:919)
09-29 12:56:24.950  2641  5975 E InstantApps: DomainFilterImpl: Error while reading domain filter from WHAPI
09-29 12:56:24.950  2641  5975 E InstantApps: java.util.concurrent.ExecutionException: adks: Unable to read Finsky Content Filter settings
09-29 12:56:24.950  2641  5975 E InstantApps: 	at java.util.concurrent.FutureTask.report(FutureTask.java:123)
09-29 12:56:24.950  2641  5975 E InstantApps: 	at java.util.concurrent.FutureTask.get(FutureTask.java:193)
09-29 12:56:24.950  2641  5975 E InstantApps: 	at adkm.get(:com.google.android.gms@202414022@20.24.14 (040700-319035315):0)
09-29 12:56:24.950  2641  5975 E InstantApps: 	at adpp.a(:com.google.android.gms@202414022@20.24.14 (040700-319035315):10)
09-29 12:56:24.950  2641  5975 E InstantApps: 	at adpp.b(:com.google.android.gms@202414022@20.24.14 (040700-319035315):10)
09-29 12:56:24.950  2641  5975 E InstantApps: 	at adpi.b(:com.google.android.gms@202414022@20.24.14 (040700-319035315):1)
09-29 12:56:24.950  2641  5975 E InstantApps: 	at com.google.android.gms.instantapps.routing.DomainFilterUpdateChimeraService.a(:com.google.android.gms@202414022@20.24.14 (040700-319035315):28)
09-29 12:56:24.950  2641  5975 E InstantApps: 	at aeme.call(Unknown Source:0)
09-29 12:56:24.950  2641  5975 E InstantApps: 	at java.util.concurrent.FutureTask.run(FutureTask.java:266)
09-29 12:56:24.950  2641  5975 E InstantApps: 	at soy.b(:com.google.android.gms@202414022@20.24.14 (040700-319035315):12)
09-29 12:56:24.950  2641  5975 E InstantApps: 	at soy.run(:com.google.android.gms@202414022@20.24.14 (040700-319035315):7)
09-29 12:56:24.950  2641  5975 E InstantApps: 	at java.util.concurrent.ThreadPoolExecutor.runWorker(ThreadPoolExecutor.java:1167)
09-29 12:56:24.950  2641  5975 E InstantApps: 	at java.util.concurrent.ThreadPoolExecutor$Worker.run(ThreadPoolExecutor.java:641)
09-29 12:56:24.950  2641  5975 E InstantApps: 	at sux.run(:com.google.android.gms@202414022@20.24.14 (040700-319035315):0)
09-29 12:56:24.950  2641  5975 E InstantApps: 	at java.lang.Thread.run(Thread.java:919)
09-29 12:56:24.950  2641  5975 E InstantApps: Caused by: adks: Unable to read Finsky Content Filter settings
09-29 12:56:24.950  2641  5975 E InstantApps: 	at adku.b(:com.google.android.gms@202414022@20.24.14 (040700-319035315):7)
09-29 12:56:24.950  2641  5975 E InstantApps: 	at adkd.a(:com.google.android.gms@202414022@20.24.14 (040700-319035315):0)
09-29 12:56:24.950  2641  5975 E InstantApps: 	at adkk.call(:com.google.android.gms@202414022@20.24.14 (040700-319035315):0)
09-29 12:56:24.950  2641  5975 E InstantApps: 	... 7 more
09-29 12:56:24.951  2641  5975 W InstantApps: DomainFilterUpdateChimeraService: Retry later
09-29 12:56:24.955  2641  3920 I NetworkScheduler.Stats: Task com.google.android.gms/com.google.android.gms.instantapps.routing.DomainFilterUpdateService finished executing. cause:5 result: 3 elapsed_millis: 57 uptime_millis: 57 exec_start_elapsed_seconds: 176 [CONTEXT service_id=218 ]
09-29 12:56:25.528  2007  2007 W WindowManager: removeWindowToken: Attempted to remove non-existing token: android.os.Binder@fbd6f9f
09-29 12:56:29.008  5216  5272 I Dialer  : OmtpVvmCarrierCfgHlpr - OmtpEvent:CONFIG_STATUS_SMS_TIME_OUT
09-29 12:56:29.009  5216  5216 I Dialer  : RetryPolicy - discarding deferred status: configuration_state=4
09-29 12:56:29.012  5216  5216 I Dialer  : VvmTaskExecutor - no more tasks, stopping service if no task are added in 5000 millis
09-29 12:56:29.014  5216  5216 I Dialer  : VvmTaskReceiver - task received
09-29 12:56:29.014  5216  5216 I Dialer  : VvmTaskReceiver - TaskExecutor already running
09-29 12:56:29.015  5216  5216 I Dialer  : Task.createTask - create task:com.android.voicemail.impl.ActivationTask
09-29 12:56:29.015  5216  5216 I Dialer  : RetryPolicy - retry #2 for com.android.voicemail.impl.ActivationTask@9cfa615 queued, executing in 5000
09-29 12:56:29.015  5216  5216 I Dialer  : VvmTaskExecutor - com.android.voicemail.impl.ActivationTask@9cfa615 added
09-29 12:56:29.015  5216  5216 I Dialer  : VvmTaskExecutor - minimal wait time:4999
09-29 12:56:29.016  5216  5216 I Dialer  : VvmTaskExecutor - sleep for 4999 millis
09-29 12:56:29.867  2007  2007 W WindowManager: removeWindowToken: Attempted to remove non-existing token: android.os.Binder@8d9b3dd
09-29 12:56:30.329  2459  2459 I PhenotypeExpConfig: refreshConfiguration() : Force = false : UpdateAvailable = false : Age = 2 minutes : MaxAge = 720 minutes
09-29 12:56:30.333  2459  2459 I AndroidIME: LatinIme.onDeactivate()
09-29 12:56:30.357  1772  1817 D gralloc_ranchu: gralloc_alloc: Creating ashmem region of size 81920
09-29 12:56:30.368  1772  1817 D gralloc_ranchu: gralloc_alloc: Creating ashmem region of size 81920
09-29 12:56:30.369  5905  5937 D EGL_emulation: eglMakeCurrent: 0xec116f60: ver 2 0 (tinfo 0xe0b67070)
09-29 12:56:30.380  1772  1817 D gralloc_ranchu: gralloc_alloc: Creating ashmem region of size 81920
09-29 12:56:30.387  5905  5937 D EGL_emulation: eglMakeCurrent: 0xec116f60: ver 2 0 (tinfo 0xe0b67070)
09-29 12:56:30.398  2459  2459 I KeyboardViewUtil: systemKeyboardHeightRatio:1.000000; userKeyboardHeightRatio:1.000000.
09-29 12:56:30.399  2459  2459 I AndroidIME: LatinIme.onActivate() : EditorInfo = Package = com.example.contentprovideractivity : Type = Text : Learning = Enable : Suggestion = Show : AutoCorrection = Enable : Microphone = Show : NoPersonalizedLearning = Disable
09-29 12:56:30.406  2459  3584 I native  : crank.cc:69 Overriding decoder candidates by Crank
09-29 12:56:30.421  2459  2459 I Conv2QueryExtension: Current locale: en_US, config allows these locales: de,en,es,fr,it,ms,pt,ta
09-29 12:56:30.422  2459  2459 I Conv2QueryExtension: Conv2Query not enabled due to current app [com.example.contentprovideractivity] not in whitelist
09-29 12:56:30.422  2459  2459 I Conv2QueryExtension: onActivate() : Disabled by unsupported host app
09-29 12:56:31.177  2007  2450 E InputDispatcher: Window handle Window{87a1835 u0 PopupWindow:5529389} has no registered input channel
09-29 12:56:34.056  5216  5272 I Dialer  : VvmTaskExecutor - executing task com.android.voicemail.impl.ActivationTask@9cfa615
09-29 12:56:34.056  5216  5272 I Dialer  : PreOMigrationHandler - ComponentInfo{com.android.phone/com.android.services.telephony.TelephonyConnectionService}, ***, UserHandle{0} already migrated
09-29 12:56:34.090  2760  2778 I VoicemailNotifier: receivers for android.intent.action.PROVIDER_CHANGED :[]
09-29 12:56:34.092  5216  5272 I Dialer  : VvmActivationTask - VVM content provider configured - vvm_type_cvvm
09-29 12:56:34.093  5216  5272 I Dialer  : OmtpVvmCarrierCfgHlpr - OmtpEvent:CONFIG_ACTIVATING
09-29 12:56:34.104  2760  2778 I VoicemailNotifier: receivers for android.intent.action.PROVIDER_CHANGED :[]
09-29 12:56:34.112  2305  2680 I LocationAccessPolicy: Allowing com.android.dialer fine because it doesn't target API 29 yet. Please fix this app. Called from getServiceStateForSubscriber
09-29 12:56:34.113  2305  2680 I LocationAccessPolicy: Allowing com.android.dialer coarse because it doesn't target API 29 yet. Please fix this app. Called from getServiceStateForSubscriber
09-29 12:56:34.534  2855  6003 I Vision  : Requesting optional module download of ocr.
09-29 12:56:34.534  2855  6003 I Vision  : Checking for download completion for 196527 -- ocr
09-29 12:56:36.637  1877  1877 E netmgr  : Failed to open QEMU pipe 'qemud:network': Invalid argument
09-29 12:56:36.778  1887  1887 E wifi_forwarder: RemoteConnection failed to initialize: RemoteConnection failed to open pipe
09-29 12:56:36.910  2152  2152 I KeyButtonView: Back button event: ACTION_DOWN
09-29 12:56:36.911  2007  2107 V InputDispatcher: Asynchronous input event injection succeeded.
09-29 12:56:36.917  1750  4929 W audio_hw_generic: Not supplying enough data to HAL, expected position 1253267 , only wrote 1253256
09-29 12:56:36.972  2152  2152 I KeyButtonView: Back button event: ACTION_UP
09-29 12:56:36.974  2007  2107 V InputDispatcher: Asynchronous input event injection succeeded.
09-29 12:56:36.974  2007  2037 D AutofillManagerService: onBackKeyPressed()
09-29 12:56:36.984  2459  2459 I PhenotypeExpConfig: refreshConfiguration() : Force = false : UpdateAvailable = false : Age = 2 minutes : MaxAge = 720 minutes
09-29 12:56:36.985  2459  2459 I AndroidIME: LatinIme.onDeactivate()
09-29 12:56:36.991  2459  5958 D EGL_emulation: eglMakeCurrent: 0xc8dd1aa0: ver 2 0 (tinfo 0xc94277f0)
09-29 12:56:38.652  5905  5905 D com.example.contentprovideractivity.MainActivity: Retrieve Students button pressed
09-29 12:56:38.654  5905  5905 D com.example.contentprovideractivity.CP_DatabaseExample:  query() executed & return the cursor :::: android.database.sqlite.SQLiteCursor@4c11e54
09-29 12:56:38.665  5905  5905 D com.example.contentprovideractivity.MainActivity: Retrieve Student Data8, Vijay, A+
09-29 12:56:38.743  1772  1817 D gralloc_ranchu: gralloc_alloc: Creating ashmem region of size 278528
09-29 12:56:38.752  1772  1817 I chatty  : uid=1000(system) HwBinder:1772_1 identical 1 line
09-29 12:56:38.754  1772  1817 D gralloc_ranchu: gralloc_alloc: Creating ashmem region of size 278528
09-29 12:56:38.766  5905  5937 D EGL_emulation: eglMakeCurrent: 0xec116f60: ver 2 0 (tinfo 0xe0b67070)
09-29 12:56:40.674  2007  2450 W NotificationService: Toast already killed. pkg=com.example.contentprovideractivity callback=android.app.ITransientNotification$Stub$Proxy@a6b39
09-29 12:56:38.783  5905  5937 D EGL_emulation: eglMakeCurrent: 0xec116f60: ver 2 0 (tinfo 0xe0b67070)
09-29 12:56:41.790  1750  1750 W audio_hw_generic: Not supplying enough data to HAL, expected position 1681176 , only wrote 1468081
09-29 12:56:42.206  2007  2039 W WindowManager: Unable to start animation, surface is null or no children.
09-29 12:56:44.542  2855  6009 I Vision  : Requesting optional module download of ocr.
09-29 12:56:44.543  2855  6009 I Vision  : Checking for download completion for 206536 -- ocr
09-29 12:56:49.759  5905  5905 D com.example.contentprovideractivity.MainActivity: update name Students button pressed
09-29 12:56:49.766  1750  4929 W audio_hw_generic: Not supplying enough data to HAL, expected position 1468111 , only wrote 1468081
09-29 12:56:49.771  5905  5905 D com.example.contentprovideractivity.CP_DatabaseExample:  update() method executed::  1
09-29 12:56:49.780  5905  5905 D com.example.contentprovideractivity.MainActivity: number of rows updated ::1
09-29 12:56:49.815  1772  1817 D gralloc_ranchu: gralloc_alloc: Creating ashmem region of size 135168
09-29 12:56:49.821  1772  1817 I chatty  : uid=1000(system) HwBinder:1772_1 identical 1 line
09-29 12:56:49.823  1772  1817 D gralloc_ranchu: gralloc_alloc: Creating ashmem region of size 135168
09-29 12:56:49.834  5905  5937 D EGL_emulation: eglMakeCurrent: 0xec116f60: ver 2 0 (tinfo 0xe0b67070)
09-29 12:56:51.673  2007  2007 W WindowManager: removeWindowToken: Attempted to remove non-existing token: android.os.Binder@6237dc9
09-29 12:56:51.787  2007  3021 W NotificationService: Toast already killed. pkg=com.example.contentprovideractivity callback=android.app.ITransientNotification$Stub$Proxy@a226078
09-29 12:56:49.850  5905  5937 D EGL_emulation: eglMakeCurrent: 0xec116f60: ver 2 0 (tinfo 0xe0b67070)
09-29 12:56:52.901  1750  1750 W audio_hw_generic: Not supplying enough data to HAL, expected position 1742811 , only wrote 1606230
09-29 12:56:53.298  2007  2039 W WindowManager: Unable to start animation, surface is null or no children.
09-29 12:56:54.553  2855  6011 I Vision  : Requesting optional module download of ocr.
09-29 12:56:54.554  2855  6011 I Vision  : Checking for download completion for 216547 -- ocr
09-29 12:56:54.742  5905  5905 D com.example.contentprovideractivity.MainActivity: Retrieve Students button pressed
09-29 12:56:54.745  5905  5905 D com.example.contentprovideractivity.CP_DatabaseExample:  query() executed & return the cursor :::: android.database.sqlite.SQLiteCursor@b96058f
09-29 12:56:54.745  1750  4929 W audio_hw_generic: Not supplying enough data to HAL, expected position 1606273 , only wrote 1606230
09-29 12:56:54.752  5905  5905 D com.example.contentprovideractivity.MainActivity: Retrieve Student Data8, Chanti, A
09-29 12:56:54.792  1772  1817 D gralloc_ranchu: gralloc_alloc: Creating ashmem region of size 286720
09-29 12:56:54.802  1772  1817 I chatty  : uid=1000(system) HwBinder:1772_1 identical 1 line
09-29 12:56:54.804  1772  1817 D gralloc_ranchu: gralloc_alloc: Creating ashmem region of size 286720
09-29 12:56:54.806  5905  5937 D EGL_emulation: eglMakeCurrent: 0xec116f60: ver 2 0 (tinfo 0xe0b67070)
09-29 12:56:56.764  2007  5843 W NotificationService: Toast already killed. pkg=com.example.contentprovideractivity callback=android.app.ITransientNotification$Stub$Proxy@520abb5
09-29 12:56:54.821  5905  5937 D EGL_emulation: eglMakeCurrent: 0xec116f60: ver 2 0 (tinfo 0xe0b67070)
09-29 12:56:57.895  1750  1750 W audio_hw_generic: Not supplying enough data to HAL, expected position 1882203 , only wrote 1745040
09-29 12:56:58.274  2007  2039 W WindowManager: Unable to start animation, surface is null or no children.
09-29 12:56:58.527  2007  2025 D WificondControl: Scan result ready event
09-29 12:57:00.005  2152  2152 D KeyguardClockSwitch: Updating clock: 12î¸57
09-29 12:57:00.015  2152  2563 D EGL_emulation: eglMakeCurrent: 0xec077b00: ver 2 0 (tinfo 0xca5d2010)
09-29 12:57:01.596  2007  2044 E memtrack: Couldn't load memtrack module
09-29 12:57:01.596  2007  2044 W android.os.Debug: failed to get memory consumption info: -1
09-29 12:57:01.599  2007  2044 E memtrack: Couldn't load memtrack module
09-29 12:57:01.599  2007  2044 W android.os.Debug: failed to get memory consumption info: -1
09-29 12:57:02.789  2007  2007 W WindowManager: removeWindowToken: Attempted to remove non-existing token: android.os.Binder@152106
09-29 12:57:04.563  2855  6013 I Vision  : Requesting optional module download of ocr.
09-29 12:57:04.563  2855  6013 I Vision  : Checking for download completion for 226557 -- ocr
09-29 12:57:07.763  2007  2007 W WindowManager: removeWindowToken: Attempted to remove non-existing token: android.os.Binder@b2ad7a8
09-29 12:57:08.327  5905  5905 D com.example.contentprovideractivity.MainActivity: delete Students name  button pressed
09-29 12:57:08.342  5905  5905 D com.example.contentprovideractivity.CP_DatabaseExample:  Database delete() method executed   valoues ::::  1
09-29 12:57:08.346  1750  4929 W audio_hw_generic: Not supplying enough data to HAL, expected position 1745056 , only wrote 1745040
09-29 12:57:08.353  5905  5905 D com.example.contentprovideractivity.MainActivity: number of rows in table  deteled 
09-29 12:57:08.410  1772  1817 D gralloc_ranchu: gralloc_alloc: Creating ashmem region of size 135168
09-29 12:57:08.423  1772  1817 I chatty  : uid=1000(system) HwBinder:1772_1 identical 1 line
09-29 12:57:08.426  1772  1817 D gralloc_ranchu: gralloc_alloc: Creating ashmem region of size 135168
09-29 12:57:08.434  5905  5937 D EGL_emulation: eglMakeCurrent: 0xec116f60: ver 2 0 (tinfo 0xe0b67070)
09-29 12:57:08.451  5905  5937 D EGL_emulation: eglMakeCurrent: 0xec116f60: ver 2 0 (tinfo 0xe0b67070)
09-29 12:57:11.480  1750  1750 W audio_hw_generic: Not supplying enough data to HAL, expected position 2019593 , only wrote 1883189
09-29 12:57:11.859  2007  2025 W NotificationService: Toast already killed. pkg=com.example.contentprovideractivity callback=android.app.ITransientNotification$Stub$Proxy@e0ebf6f
09-29 12:57:13.070  1772  1817 D gralloc_ranchu: gralloc_alloc: Creating ashmem region of size 81920
09-29 12:57:13.076  1772  1817 D gralloc_ranchu: gralloc_alloc: Creating ashmem region of size 81920
09-29 12:57:13.079  5905  5937 D EGL_emulation: eglMakeCurrent: 0xec116f60: ver 2 0 (tinfo 0xe0b67070)
09-29 12:57:13.081  1772  1817 D gralloc_ranchu: gralloc_alloc: Creating ashmem region of size 81920
09-29 12:57:13.100  5905  5937 D EGL_emulation: eglMakeCurrent: 0xec116f60: ver 2 0 (tinfo 0xe0b67070)
09-29 12:57:13.104  2459  2459 I KeyboardViewUtil: systemKeyboardHeightRatio:1.000000; userKeyboardHeightRatio:1.000000.
09-29 12:57:13.105  2459  2459 I AndroidIME: LatinIme.onActivate() : EditorInfo = Package = com.example.contentprovideractivity : Type = Text : Learning = Enable : Suggestion = Show : AutoCorrection = Enable : Microphone = Show : NoPersonalizedLearning = Disable
09-29 12:57:13.136  2459  2459 I Conv2QueryExtension: Current locale: en_US, config allows these locales: de,en,es,fr,it,ms,pt,ta
09-29 12:57:13.137  2459  2459 I Conv2QueryExtension: Conv2Query not enabled due to current app [com.example.contentprovideractivity] not in whitelist
09-29 12:57:13.138  2459  2459 I Conv2QueryExtension: onActivate() : Disabled by unsupported host app
09-29 12:57:13.140  5905  5937 D EGL_emulation: eglMakeCurrent: 0xec116f60: ver 2 0 (tinfo 0xe0b67070)
09-29 12:57:13.167  5905  5937 D EGL_emulation: eglMakeCurrent: 0xec116f60: ver 2 0 (tinfo 0xe0b67070)
09-29 12:57:13.185  1772  1817 D gralloc_ranchu: gralloc_alloc: Creating ashmem region of size 14262272
09-29 12:57:13.203  2152  2563 D EGL_emulation: eglMakeCurrent: 0xec077b00: ver 2 0 (tinfo 0xca5d2010)
09-29 12:57:13.210  1772  1817 D gralloc_ranchu: gralloc_alloc: Creating ashmem region of size 14262272
09-29 12:57:13.233  1772  1817 D gralloc_ranchu: gralloc_alloc: Creating ashmem region of size 14262272
09-29 12:57:13.235  2459  5958 D EGL_emulation: eglMakeCurrent: 0xc8dd1aa0: ver 2 0 (tinfo 0xc94277f0)
09-29 12:57:13.984  2007  3037 E InputDispatcher: Window handle Window{6b7e714 u0 PopupWindow:79f4d15} has no registered input channel
09-29 12:57:13.997  2007  2025 E InputDispatcher: Window handle Window{6b7e714 u0 PopupWindow:79f4d15} has no registered input channel
09-29 12:57:14.572  2855  6015 I Vision  : Requesting optional module download of ocr.
09-29 12:57:14.572  2855  6015 I Vision  : Exceeded maximum feature download tries for ocr
09-29 12:57:14.572  2855  6015 W Vision  : Request of optional module download of ocr failed.
09-29 12:57:14.572  2855  6015 I Vision  : Checking for download completion for 236566 -- ocr
09-29 12:57:14.791  5905  5905 E SpannableStringBuilder: SPAN_EXCLUSIVE_EXCLUSIVE spans cannot have a zero length
09-29 12:57:14.791  5905  5905 E SpannableStringBuilder: SPAN_EXCLUSIVE_EXCLUSIVE spans cannot have a zero length
09-29 12:57:19.137  2459  2459 I PhenotypeExpConfig: refreshConfiguration() : Force = false : UpdateAvailable = false : Age = 3 minutes : MaxAge = 720 minutes
09-29 12:57:19.142  2459  2459 I AndroidIME: LatinIme.onDeactivate()
09-29 12:57:19.171  1772  1817 D gralloc_ranchu: gralloc_alloc: Creating ashmem region of size 81920
09-29 12:57:19.177  1772  1817 D gralloc_ranchu: gralloc_alloc: Creating ashmem region of size 81920
09-29 12:57:19.178  5905  5937 D EGL_emulation: eglMakeCurrent: 0xec116f60: ver 2 0 (tinfo 0xe0b67070)
09-29 12:57:19.189  1772  1817 D gralloc_ranchu: gralloc_alloc: Creating ashmem region of size 81920
09-29 12:57:19.194  5905  5937 D EGL_emulation: eglMakeCurrent: 0xec116f60: ver 2 0 (tinfo 0xe0b67070)
09-29 12:57:19.212  2459  2459 I KeyboardViewUtil: systemKeyboardHeightRatio:1.000000; userKeyboardHeightRatio:1.000000.
09-29 12:57:19.212  2459  2459 I AndroidIME: LatinIme.onActivate() : EditorInfo = Package = com.example.contentprovideractivity : Type = Text : Learning = Enable : Suggestion = Show : AutoCorrection = Enable : Microphone = Show : NoPersonalizedLearning = Disable
09-29 12:57:19.230  2459  2459 I Conv2QueryExtension: Current locale: en_US, config allows these locales: de,en,es,fr,it,ms,pt,ta
09-29 12:57:19.231  2459  2459 I Conv2QueryExtension: Conv2Query not enabled due to current app [com.example.contentprovideractivity] not in whitelist
09-29 12:57:19.231  2459  2459 I Conv2QueryExtension: onActivate() : Disabled by unsupported host app
09-29 12:57:19.233  5905  5937 D EGL_emulation: eglMakeCurrent: 0xec116f60: ver 2 0 (tinfo 0xe0b67070)
09-29 12:57:19.248  5905  5937 D EGL_emulation: eglMakeCurrent: 0xec116f60: ver 2 0 (tinfo 0xe0b67070)
09-29 12:57:20.302  2459  3584 I native  : crank.cc:69 Overriding decoder candidates by Crank
09-29 12:57:20.313  2007  2025 E InputDispatcher: Window handle Window{c9c1ee0 u0 PopupWindow:5529389} has no registered input channel
09-29 12:57:22.303  2152  2152 I KeyButtonView: Back button event: ACTION_DOWN
09-29 12:57:22.306  2007  2107 V InputDispatcher: Asynchronous input event injection succeeded.
09-29 12:57:22.314  1750  4929 W audio_hw_generic: Not supplying enough data to HAL, expected position 1883217 , only wrote 1883189
09-29 12:57:22.370  2152  2152 I KeyButtonView: Back button event: ACTION_UP
09-29 12:57:22.372  2007  2037 D AutofillManagerService: onBackKeyPressed()
09-29 12:57:22.372  2007  2107 V InputDispatcher: Asynchronous input event injection succeeded.
09-29 12:57:22.379  2459  2459 I PhenotypeExpConfig: refreshConfiguration() : Force = false : UpdateAvailable = false : Age = 3 minutes : MaxAge = 720 minutes
09-29 12:57:22.384  2459  2459 I AndroidIME: LatinIme.onDeactivate()
09-29 12:57:22.399  2459  5958 D EGL_emulation: eglMakeCurrent: 0xc8dd1aa0: ver 2 0 (tinfo 0xc94277f0)
09-29 12:57:22.858  2007  2007 W WindowManager: removeWindowToken: Attempted to remove non-existing token: android.os.Binder@30f704c
09-29 12:57:24.159  5905  5905 D com.example.contentprovideractivity.MainActivity: Retrieve Students button pressed
09-29 12:57:24.168  5905  5905 D com.example.contentprovideractivity.CP_DatabaseExample:  query() executed & return the cursor :::: android.database.sqlite.SQLiteCursor@fd9aa4e
09-29 12:57:24.598  2855  6021 I Vision  : Requesting optional module download of ocr.
09-29 12:57:24.616  2855  6021 I Vision  : Checking for download completion for 246610 -- ocr
09-29 12:57:24.624  2855  6021 I ChimeraConfigurator: Starting update, reason: 4 urgentFeatures: vision.ocr:-1
09-29 12:57:24.625  2855  6021 E ConfigFileUtils: Failed to read config file: /data/user_de/0/com.google.android.gms/app_chimera/next_container.pb: open failed: ENOENT (No such file or directory)
09-29 12:57:24.674  2855  6021 I ChmraDebugLogger: [73] 1801
09-29 12:57:24.684  2855  6021 I ChmraDebugLogger: [30] [VisionOcr.optional:202414000700] permitMetered=true,
09-29 12:57:24.695  2855  6021 W ChimeraConfigService: Retry attempt was throttled.
09-29 12:57:27.336  1750  1750 W audio_hw_generic: Not supplying enough data to HAL, expected position 2324434 , only wrote 2104624
09-29 12:57:32.317  5905  5905 D com.example.contentprovideractivity.MainActivity: update name Students button pressed
09-29 12:57:32.320  5905  5905 D com.example.contentprovideractivity.CP_DatabaseExample:  update() method executed::  0
09-29 12:57:32.325  1750  4929 W audio_hw_generic: Not supplying enough data to HAL, expected position 2104667 , only wrote 2104624
09-29 12:57:32.332  5905  5905 D com.example.contentprovideractivity.MainActivity: number of rows updated ::0
09-29 12:57:32.389  1772  1817 D gralloc_ranchu: gralloc_alloc: Creating ashmem region of size 135168
09-29 12:57:32.393  1772  1817 I chatty  : uid=1000(system) HwBinder:1772_1 identical 1 line
09-29 12:57:32.395  1772  1817 D gralloc_ranchu: gralloc_alloc: Creating ashmem region of size 135168
09-29 12:57:32.400  5905  5937 D EGL_emulation: eglMakeCurrent: 0xec116f60: ver 2 0 (tinfo 0xe0b67070)
09-29 12:57:32.415  5905  5937 D EGL_emulation: eglMakeCurrent: 0xec116f60: ver 2 0 (tinfo 0xe0b67070)
09-29 12:57:34.162  5216  5272 I Dialer  : OmtpVvmCarrierCfgHlpr - OmtpEvent:CONFIG_STATUS_SMS_TIME_OUT
09-29 12:57:34.162  5216  5216 I Dialer  : RetryPolicy - discarding deferred status: configuration_state=4
09-29 12:57:34.164  5216  5216 I Dialer  : VvmTaskExecutor - no more tasks, stopping service if no task are added in 5000 millis
09-29 12:57:34.167  5216  5216 I Dialer  : VvmTaskReceiver - task received
09-29 12:57:34.167  5216  5216 I Dialer  : VvmTaskReceiver - TaskExecutor already running
09-29 12:57:34.167  5216  5216 I Dialer  : Task.createTask - create task:com.android.voicemail.impl.ActivationTask
09-29 12:57:34.167  5216  5216 I Dialer  : RetryPolicy - retry #3 for com.android.voicemail.impl.ActivationTask@51011f6 queued, executing in 5000
09-29 12:57:34.167  5216  5216 I Dialer  : VvmTaskExecutor - com.android.voicemail.impl.ActivationTask@51011f6 added
09-29 12:57:34.167  5216  5216 I Dialer  : VvmTaskExecutor - minimal wait time:4999
09-29 12:57:34.168  5216  5216 I Dialer  : VvmTaskExecutor - sleep for 4999 millis
09-29 12:57:34.340  2007  3037 W NotificationService: Toast already killed. pkg=com.example.contentprovideractivity callback=android.app.ITransientNotification$Stub$Proxy@9077c15
09-29 12:57:34.638  2855  6027 I Vision  : Requesting optional module download of ocr.
09-29 12:57:34.639  2855  6027 I Vision  : Checking for download completion for 256632 -- ocr
09-29 12:57:35.474  1750  1750 W audio_hw_generic: Not supplying enough data to HAL, expected position 2380774 , only wrote 2243434
09-29 12:57:35.870  2007  2039 W WindowManager: Unable to start animation, surface is null or no children.
09-29 12:57:36.637  1877  1877 E netmgr  : Failed to open QEMU pipe 'qemud:network': Invalid argument
09-29 12:57:36.839  1887  1887 E wifi_forwarder: RemoteConnection failed to initialize: RemoteConnection failed to open pipe
09-29 12:57:37.965  5905  5905 D com.example.contentprovideractivity.MainActivity: AddName button pressed
09-29 12:57:37.974  1750  4929 W audio_hw_generic: Not supplying enough data to HAL, expected position 2243457 , only wrote 2243434
09-29 12:57:37.977  5905  5905 D com.example.contentprovideractivity.CP_DatabaseExample:   insert() method executed ::::content://com.example.contentprovideractivity.CP_DatabaseExample/students/9
09-29 12:57:37.983  5905  5905 D com.example.contentprovideractivity.MainActivity: uri is ::content://com.example.contentprovideractivity.CP_DatabaseExample/students/9
09-29 12:57:38.043  1772  1817 D gralloc_ranchu: gralloc_alloc: Creating ashmem region of size 1282048
09-29 12:57:38.050  1772  1817 I chatty  : uid=1000(system) HwBinder:1772_1 identical 1 line
09-29 12:57:38.053  1772  1817 D gralloc_ranchu: gralloc_alloc: Creating ashmem region of size 1282048
09-29 12:57:38.060  5905  5937 D EGL_emulation: eglMakeCurrent: 0xec116f60: ver 2 0 (tinfo 0xe0b67070)
09-29 12:57:38.085  5905  5937 D EGL_emulation: eglMakeCurrent: 0xec116f60: ver 2 0 (tinfo 0xe0b67070)
09-29 12:57:39.196  5216  5272 I Dialer  : VvmTaskExecutor - executing task com.android.voicemail.impl.ActivationTask@51011f6
09-29 12:57:39.196  5216  5272 I Dialer  : PreOMigrationHandler - ComponentInfo{com.android.phone/com.android.services.telephony.TelephonyConnectionService}, ***, UserHandle{0} already migrated
09-29 12:57:39.252  2760  6017 I VoicemailNotifier: receivers for android.intent.action.PROVIDER_CHANGED :[]
09-29 12:57:39.255  5216  5272 I Dialer  : VvmActivationTask - VVM content provider configured - vvm_type_cvvm
09-29 12:57:39.255  5216  5272 I Dialer  : OmtpVvmCarrierCfgHlpr - OmtpEvent:CONFIG_ACTIVATING
09-29 12:57:39.273  2760  5021 I VoicemailNotifier: receivers for android.intent.action.PROVIDER_CHANGED :[]
09-29 12:57:39.288  2305  2571 I LocationAccessPolicy: Allowing com.android.dialer fine because it doesn't target API 29 yet. Please fix this app. Called from getServiceStateForSubscriber
09-29 12:57:39.291  2305  2571 I LocationAccessPolicy: Allowing com.android.dialer coarse because it doesn't target API 29 yet. Please fix this app. Called from getServiceStateForSubscriber
09-29 12:57:41.124  1750  1750 W audio_hw_generic: Not supplying enough data to HAL, expected position 2519397 , only wrote 2382244
09-29 12:57:41.489  2007  2969 W NotificationService: Toast already killed. pkg=com.example.contentprovideractivity callback=android.app.ITransientNotification$Stub$Proxy@434c156
09-29 12:57:44.647  2855  6033 I Vision  : Requesting optional module download of ocr.
09-29 12:57:44.648  2855  6033 I Vision  : Checking for download completion for 266641 -- ocr
09-29 12:57:44.992  5905  5905 D com.example.contentprovideractivity.MainActivity: Retrieve Students button pressed
09-29 12:57:44.996  5905  5905 D com.example.contentprovideractivity.CP_DatabaseExample:  query() executed & return the cursor :::: android.database.sqlite.SQLiteCursor@fe74829
09-29 12:57:44.996  1750  4929 W audio_hw_generic: Not supplying enough data to HAL, expected position 2382261 , only wrote 2382244
09-29 12:57:45.005  5905  5905 D com.example.contentprovideractivity.MainActivity: Retrieve Student Data9, Vijay, A+
09-29 12:57:45.090  1772  1817 D gralloc_ranchu: gralloc_alloc: Creating ashmem region of size 278528
09-29 12:57:45.100  1772  1817 I chatty  : uid=1000(system) HwBinder:1772_1 identical 1 line
09-29 12:57:45.101  1772  1817 D gralloc_ranchu: gralloc_alloc: Creating ashmem region of size 278528
09-29 12:57:45.112  5905  5937 D EGL_emulation: eglMakeCurrent: 0xec116f60: ver 2 0 (tinfo 0xe0b67070)
09-29 12:57:45.338  2007  2007 W WindowManager: removeWindowToken: Attempted to remove non-existing token: android.os.Binder@104d99c
09-29 12:57:47.015  2007  3037 W NotificationService: Toast already killed. pkg=com.example.contentprovideractivity callback=android.app.ITransientNotification$Stub$Proxy@221c5d5
09-29 12:57:45.127  5905  5937 D EGL_emulation: eglMakeCurrent: 0xec116f60: ver 2 0 (tinfo 0xe0b67070)
09-29 12:57:48.130  1750  1750 W audio_hw_generic: Not supplying enough data to HAL, expected position 2656885 , only wrote 2520393
09-29 12:57:48.554  2007  2039 W WindowManager: Unable to start animation, surface is null or no children.
09-29 12:57:51.816  5905  5905 D com.example.contentprovideractivity.MainActivity: update name Students button pressed
09-29 12:57:51.823  1750  4929 W audio_hw_generic: Not supplying enough data to HAL, expected position 2520427 , only wrote 2520393
09-29 12:57:51.831  5905  5905 D com.example.contentprovideractivity.CP_DatabaseExample:  update() method executed::  1
09-29 12:57:51.836  5905  5905 D com.example.contentprovideractivity.MainActivity: number of rows updated ::1
09-29 12:57:51.892  1772  1817 D gralloc_ranchu: gralloc_alloc: Creating ashmem region of size 135168
09-29 12:57:51.900  1772  1817 I chatty  : uid=1000(system) HwBinder:1772_1 identical 1 line
09-29 12:57:51.902  1772  1817 D gralloc_ranchu: gralloc_alloc: Creating ashmem region of size 135168
09-29 12:57:51.911  5905  5937 D EGL_emulation: eglMakeCurrent: 0xec116f60: ver 2 0 (tinfo 0xe0b67070)
09-29 12:57:52.488  2007  2007 W WindowManager: removeWindowToken: Attempted to remove non-existing token: android.os.Binder@fb327ce
09-29 12:57:53.851  2007  3037 W NotificationService: Toast already killed. pkg=com.example.contentprovideractivity callback=android.app.ITransientNotification$Stub$Proxy@8e526c0
09-29 12:57:51.925  5905  5937 D EGL_emulation: eglMakeCurrent: 0xec116f60: ver 2 0 (tinfo 0xe0b67070)
09-29 12:57:54.656  2855  6035 I Vision  : Requesting optional module download of ocr.
09-29 12:57:54.656  2855  6035 I Vision  : Checking for download completion for 276650 -- ocr
09-29 12:57:54.972  1750  1750 W audio_hw_generic: Not supplying enough data to HAL, expected position 2796435 , only wrote 2659203
09-29 12:57:55.371  2007  2039 W WindowManager: Unable to start animation, surface is null or no children.
09-29 12:57:58.015  2007  2007 W WindowManager: removeWindowToken: Attempted to remove non-existing token: android.os.Binder@96c6848
09-29 12:57:59.374  5905  5905 D com.example.contentprovideractivity.MainActivity: delete Students name  button pressed
09-29 12:57:59.378  1750  4929 W audio_hw_generic: Not supplying enough data to HAL, expected position 2659216 , only wrote 2659203
09-29 12:57:59.386  5905  5905 D com.example.contentprovideractivity.CP_DatabaseExample:  Database delete() method executed   valoues ::::  1
09-29 12:57:59.400  5905  5905 D com.example.contentprovideractivity.MainActivity: number of rows in table  deteled 
09-29 12:57:59.444  1772  1817 D gralloc_ranchu: gralloc_alloc: Creating ashmem region of size 135168
09-29 12:57:59.456  1772  1817 I chatty  : uid=1000(system) HwBinder:1772_1 identical 1 line
09-29 12:57:59.458  1772  1817 D gralloc_ranchu: gralloc_alloc: Creating ashmem region of size 135168
09-29 12:57:59.474  5905  5937 D EGL_emulation: eglMakeCurrent: 0xec116f60: ver 2 0 (tinfo 0xe0b67070)
09-29 12:57:59.486  5905  5937 D EGL_emulation: eglMakeCurrent: 0xec116f60: ver 2 0 (tinfo 0xe0b67070)
09-29 12:58:00.011  2152  2152 D KeyguardClockSwitch: Updating clock: 12î¸58
09-29 12:58:00.022  2152  2563 D EGL_emulation: eglMakeCurrent: 0xec077b00: ver 2 0 (tinfo 0xca5d2010)
09-29 12:58:02.512  1750  1750 W audio_hw_generic: Not supplying enough data to HAL, expected position 2933687 , only wrote 2797352
09-29 12:58:02.907  2007  2969 W NotificationService: Toast already killed. pkg=com.example.contentprovideractivity callback=android.app.ITransientNotification$Stub$Proxy@9d6709e
09-29 12:58:04.670  2855  6037 I Vision  : Requesting optional module download of ocr.
09-29 12:58:04.670  2855  6037 I Vision  : Checking for download completion for 286664 -- ocr
09-29 12:58:04.843  2007  2007 W WindowManager: removeWindowToken: Attempted to remove non-existing token: android.os.Binder@aaa9aaf
09-29 12:58:05.144  2152  2152 I KeyButtonView: Back button event: ACTION_DOWN
09-29 12:58:05.145  2007  2107 V InputDispatcher: Asynchronous input event injection succeeded.
09-29 12:58:05.148  2152  2563 D EGL_emulation: eglMakeCurrent: 0xec077b00: ver 2 0 (tinfo 0xca5d2010)
09-29 12:58:05.149  1750  4929 W audio_hw_generic: Not supplying enough data to HAL, expected position 2797373 , only wrote 2797352
09-29 12:58:05.238  2152  2152 I KeyButtonView: Back button event: ACTION_UP
09-29 12:58:05.240  2007  2107 V InputDispatcher: Asynchronous input event injection succeeded.
09-29 12:58:05.241  2007  2037 D AutofillManagerService: onBackKeyPressed()
09-29 12:58:05.247  2007  2969 W InputReader: Device has associated, but no associated display id.
09-29 12:58:05.247  2007  2969 I chatty  : uid=1000(system) Binder:2007_A identical 8 lines
09-29 12:58:05.247  2007  2969 W InputReader: Device has associated, but no associated display id.
09-29 12:58:05.253  5905  5905 D com.example.contentprovideractivity.MainActivity: onPause() method called 
09-29 12:58:05.258  2007  2969 W InputReader: Device has associated, but no associated display id.
09-29 12:58:05.259  2007  2969 I chatty  : uid=1000(system) Binder:2007_A identical 8 lines
09-29 12:58:05.259  2007  2969 W InputReader: Device has associated, but no associated display id.
09-29 12:58:05.290  1772  1817 D gralloc_ranchu: gralloc_alloc: Creating ashmem region of size 14749696
09-29 12:58:05.293  2007  2007 W ActivityManager: Unable to start service Intent { act=android.service.appprediction.AppPredictionService cmp=com.google.android.as/com.google.android.apps.miphone.aiai.app.AiAiPredictionService } U=0: not found
09-29 12:58:05.293  2007  2007 W RemoteAppPredictionService: could not bind to Intent { act=android.service.appprediction.AppPredictionService cmp=com.google.android.as/com.google.android.apps.miphone.aiai.app.AiAiPredictionService } using flags 67108865
09-29 12:58:05.307  1772  1817 D gralloc_ranchu: gralloc_alloc: Creating ashmem region of size 14749696
09-29 12:58:05.310  3129  3482 D EGL_emulation: eglMakeCurrent: 0xec06fc60: ver 2 0 (tinfo 0xc7dbe870)
09-29 12:58:05.315  1772  3340 D gralloc_ranchu: gralloc_alloc: Creating ashmem region of size 14749696
09-29 12:58:05.317  1772  1817 D gralloc_ranchu: gralloc_alloc: Creating ashmem region of size 14749696
09-29 12:58:05.347  1772  1817 I chatty  : uid=1000(system) HwBinder:1772_1 identical 1 line
09-29 12:58:05.350  1772  1817 D gralloc_ranchu: gralloc_alloc: Creating ashmem region of size 14749696
09-29 12:58:05.353  2495  3090 D EGL_emulation: eglMakeCurrent: 0xe3f1a240: ver 2 0 (tinfo 0xe3f0f480)
09-29 12:58:05.370  3129  3129 W ThreadPoolDumper: Queue length for executor EventBus is now 11. Perhaps some tasks are too long, or the pool is too small.
09-29 12:58:05.386  2007  2040 W InputReader: Device has associated, but no associated display id.
09-29 12:58:05.387  2007  2040 I chatty  : uid=1000(system) android.anim identical 8 lines
09-29 12:58:05.387  2007  2040 W InputReader: Device has associated, but no associated display id.
09-29 12:58:05.393  1794  1856 D PermissionCache: checking android.permission.READ_FRAME_BUFFER for uid=1000 => granted (269 us)
09-29 12:58:05.394  1772  1817 D gralloc_ranchu: gralloc_alloc: Creating ashmem region of size 9441280
09-29 12:58:05.439  1794  2106 W ServiceManager: Permission failure: android.permission.ACCESS_SURFACE_FLINGER from uid=10108 pid=2495
09-29 12:58:05.440  1794  2106 D PermissionCache: checking android.permission.ACCESS_SURFACE_FLINGER for uid=10108 => denied (2830 us)
09-29 12:58:05.449  3129  3389 W SessionLifecycleManager: Handover failed. Creating new session controller.
09-29 12:58:05.621  3129  3458 W LocationOracle: No location history returned by ContextManager
09-29 12:58:05.692  3129  3389 I MicroDetectionWorker: #startMicroDetector [speakerMode: 0]
09-29 12:58:05.694  3129  3389 W ErrorReporter: reportError [type: 211, code: 393244, bug: 0]: errorCode: 393244, engine: 0
09-29 12:58:05.698  3129  3389 I MicroDetector: Keeping mic open: false
09-29 12:58:05.699  3129  3389 I MicroDetectionWorker: #onError(false)
09-29 12:58:05.736  2641  3592 W GCoreFlp: No location to return for getLastLocation()
09-29 12:58:05.752  2641  5975 I LogUtils: [Places]: ?: Couldn't find platform key file. [CONTEXT service_id=253 ]
09-29 12:58:05.823  2641  2641 I GeofencerStateMachine: removeGeofences: removeRequest=RemoveGeofencingRequest[REMOVE_BY_PENDING_INTENT pendingIntent=PendingIntent[creatorPackage=com.google.android.gms], packageName=com.google.android.gms]
09-29 12:58:05.833  2641  2641 I chatty  : uid=10113 com.google.android.gms.persistent identical 1 line
09-29 12:58:05.867  2641  2641 I GeofencerStateMachine: removeGeofences: removeRequest=RemoveGeofencingRequest[REMOVE_BY_PENDING_INTENT pendingIntent=PendingIntent[creatorPackage=com.google.android.gms], packageName=com.google.android.gms]
09-29 12:58:05.883  5905  5937 D EGL_emulation: eglMakeCurrent: 0xec116f60: ver 2 0 (tinfo 0xe0b67070)
09-29 12:58:05.895  5905  5905 D AutofillManager: onActivityFinishing(): calling cancelLocked()
09-29 12:58:05.895  5905  5905 D com.example.contentprovideractivity.MainActivity: onStop()method called 
09-29 12:58:05.899  5905  5905 D com.example.contentprovideractivity.MainActivity: onDestroy()method called 
09-29 12:58:05.920  1794  1859 E SurfaceFlinger: ro.sf.lcd_density must be defined as a build property
09-29 12:58:05.923  1794  2628 E SurfaceFlinger: ro.sf.lcd_density must be defined as a build property
09-29 12:58:05.927  2007  6042 D libEGL  : Emulator has host GPU support, qemu.gles is set to 1.
09-29 12:58:05.948  2007  6042 W libc    : Unable to set property "qemu.gles" to "1": error code: 0x18
09-29 12:58:05.949  2007  6042 D libEGL  : loaded /vendor/lib/egl/libEGL_emulation.so
09-29 12:58:05.950  2007  6042 D libEGL  : loaded /vendor/lib/egl/libGLESv1_CM_emulation.so
09-29 12:58:05.953  2007  6042 D libEGL  : loaded /vendor/lib/egl/libGLESv2_emulation.so
09-29 12:58:05.974  2007  6042 D HostConnection: HostConnection::get() New Host Connection established 0xe3f712e0, tid 6042
09-29 12:58:05.974  2007  6042 D HostConnection: HostComposition ext ANDROID_EMU_CHECKSUM_HELPER_v1 ANDROID_EMU_dma_v1 ANDROID_EMU_direct_mem ANDROID_EMU_host_composition_v1 ANDROID_EMU_host_composition_v2 ANDROID_EMU_vulkan ANDROID_EMU_deferred_vulkan_commands ANDROID_EMU_vulkan_null_optional_strings ANDROID_EMU_vulkan_create_resources_with_requirements ANDROID_EMU_YUV_Cache ANDROID_EMU_vulkan_ignored_handles ANDROID_EMU_vulkan_free_memory_sync ANDROID_EMU_vulkan_shader_float16_int8 ANDROID_EMU_vulkan_async_queue_submit ANDROID_EMU_sync_buffer_data GL_OES_vertex_array_object GL_KHR_texture_compression_astc_ldr ANDROID_EMU_host_side_tracing ANDROID_EMU_gles_max_version_2 
09-29 12:58:05.975  2641  5973 W ctxmgr  : [AclManager] No 3 for (accnt=account#1178712851#, com.google.android.gms(10113):UserVelocityProducer, vrsn=202414022, 0, 3pPkg = null ,  3pMdlId = null ,  pid = 2641). Was: 2 for 1, account#1178712851# [CONTEXT service_id=47 ]
09-29 12:58:05.982  2007  6042 W OpenGLRenderer: Failed to choose config with EGL_SWAP_BEHAVIOR_PRESERVED, retrying without...
09-29 12:58:06.000  2641  3920 I LogUtils: [Places]: ?: Couldn't find platform key file. [CONTEXT service_id=253 ]
09-29 12:58:06.003  2007  6042 D EGL_emulation: eglCreateContext: 0xc48f4a60: maj 2 min 0 rcv 2
09-29 12:58:06.009  2007  6042 D EGL_emulation: eglMakeCurrent: 0xc48f4a60: ver 2 0 (tinfo 0xe3fe2110)
09-29 12:58:06.038  2641  5973 I ctxmgr  : [ProducerStatusImpl] updateStateForNewContextData: inactive, contextName=7 [CONTEXT service_id=47 ]
09-29 12:58:06.041  2641  4145 I LogUtils: [Places]: ?: Couldn't find platform key file. [CONTEXT service_id=253 ]
09-29 12:58:06.066  2641  2641 I GeofencerStateMachine: removeGeofences: removeRequest=RemoveGeofencingRequest[REMOVE_BY_PENDING_INTENT pendingIntent=PendingIntent[creatorPackage=com.google.android.gms], packageName=com.google.android.gms]
09-29 12:58:06.083  2641  2641 I GeofencerStateMachine: removeGeofences: removeRequest=RemoveGeofencingRequest[REMOVE_BY_PENDING_INTENT pendingIntent=PendingIntent[creatorPackage=com.google.android.gms], packageName=com.google.android.gms]
09-29 12:58:06.098  2641  4145 I LogUtils: [Places]: ?: Couldn't find platform key file. [CONTEXT service_id=253 ]
