--------- beginning of system
09-29 12:54:32.704  2007  2120 D ConnectivityService: handleLingerComplete for NetworkAgentInfo [MOBILE (LTE) - 100]
--------- beginning of main
09-29 12:54:32.709  1743  1743 I netd    : networkSetPermissionForNetwork(100, 1) <4.53ms>
09-29 12:54:32.767  1743  1743 I netd    : trafficSwapActiveStatsMap() <50.70ms>
09-29 12:54:32.768  1743  1743 I netd    : tetherGetStats() <0.82ms>
09-29 12:54:33.265  2641  3378 W Nearby  : Failed attempt #3 out of 3 for RestoreDeviceName [CONTEXT service_id=49 ]
09-29 12:54:33.265  2641  3378 W Nearby  : java.lang.IllegalStateException: BluetoothAdapter not ready yet!
09-29 12:54:33.265  2641  3378 W Nearby  : 	at ajpy.d(:com.google.android.gms@202414022@20.24.14 (040700-319035315):2)
09-29 12:54:33.265  2641  3378 W Nearby  : 	at ajpx.run(Unknown Source:0)
09-29 12:54:33.265  2641  3378 W Nearby  : 	at bwuj.call(Unknown Source:0)
09-29 12:54:33.265  2641  3378 W Nearby  : 	at bwuo.a(:com.google.android.gms@202414022@20.24.14 (040700-319035315):2)
09-29 12:54:33.265  2641  3378 W Nearby  : 	at bwuo.a(:com.google.android.gms@202414022@20.24.14 (040700-319035315):9)
09-29 12:54:33.265  2641  3378 W Nearby  : 	at ajpw.run(Unknown Source:0)
09-29 12:54:33.265  2641  3378 W Nearby  : 	at java.lang.Thread.run(Thread.java:919)
09-29 12:54:33.265  2641  3378 W Nearby  : 	at sow.run(Unknown Source:0)
09-29 12:54:33.265  2641  3378 W Nearby  : 	at java.util.concurrent.ThreadPoolExecutor.runWorker(ThreadPoolExecutor.java:1167)
09-29 12:54:33.265  2641  3378 W Nearby  : 	at java.util.concurrent.ThreadPoolExecutor$Worker.run(ThreadPoolExecutor.java:641)
09-29 12:54:33.265  2641  3378 W Nearby  : 	at sux.run(:com.google.android.gms@202414022@20.24.14 (040700-319035315):0)
09-29 12:54:33.265  2641  3378 W Nearby  : 	at java.lang.Thread.run(Thread.java:919)
09-29 12:54:33.330  2007  2044 E memtrack: Couldn't load memtrack module
09-29 12:54:33.330  2007  2044 W android.os.Debug: failed to get memory consumption info: -1
09-29 12:54:33.922  2007  2044 E memtrack: Couldn't load memtrack module
09-29 12:54:33.922  2007  2044 W android.os.Debug: failed to get memory consumption info: -1
09-29 12:54:33.923  2007  2044 E memtrack: Couldn't load memtrack module
09-29 12:54:33.924  2007  2044 W android.os.Debug: failed to get memory consumption info: -1
09-29 12:54:33.935  2855  4978 I Vision  : Requesting optional module download of ocr.
09-29 12:54:33.936  2855  4978 I Vision  : Checking for download completion for 75929 -- ocr
09-29 12:54:34.252  2007  2044 E memtrack: Couldn't load memtrack module
09-29 12:54:34.252  2007  2044 W android.os.Debug: failed to get memory consumption info: -1
09-29 12:54:34.939  2007  3039 I ActivityManager: Killing 4523:com.android.chrome/u0a129 (adj 985): empty #17
09-29 12:54:34.989  1744  1744 I Zygote  : Process 4523 exited due to signal 9 (Killed)
09-29 12:54:35.017  2007  2047 I libprocessgroup: Successfully killed process cgroup uid 10129 pid 4523 in 77ms
09-29 12:54:35.138  3129  3389 I MicroDetectionWorker: #startMicroDetector [speakerMode: 0]
09-29 12:54:35.139  3129  3389 W ErrorReporter: reportError [type: 211, code: 393244, bug: 0]: errorCode: 393244, engine: 0
09-29 12:54:35.140  3129  3389 I MicroDetector: Keeping mic open: false
09-29 12:54:35.140  3129  3389 I MicroDetectionWorker: #onError(false)
09-29 12:54:35.456  2007  2044 E memtrack: Couldn't load memtrack module
09-29 12:54:35.457  2007  2044 W android.os.Debug: failed to get memory consumption info: -1
09-29 12:54:35.460  2007  2044 E memtrack: Couldn't load memtrack module
09-29 12:54:35.460  2007  2044 W android.os.Debug: failed to get memory consumption info: -1
09-29 12:54:36.224  2007  2044 E memtrack: Couldn't load memtrack module
09-29 12:54:36.224  2007  2044 W android.os.Debug: failed to get memory consumption info: -1
09-29 12:54:36.577  1877  1877 E netmgr  : Failed to open QEMU pipe 'qemud:network': Invalid argument
09-29 12:54:36.671  1887  1887 E wifi_forwarder: RemoteConnection failed to initialize: RemoteConnection failed to open pipe
09-29 12:54:37.451  2007  2044 E memtrack: Couldn't load memtrack module
09-29 12:54:37.451  2007  2044 W android.os.Debug: failed to get memory consumption info: -1
09-29 12:54:38.813  2007  2044 E memtrack: Couldn't load memtrack module
09-29 12:54:38.813  2007  2044 W android.os.Debug: failed to get memory consumption info: -1
09-29 12:54:38.815  2007  2044 E memtrack: Couldn't load memtrack module
09-29 12:54:38.815  2007  2044 W android.os.Debug: failed to get memory consumption info: -1
09-29 12:54:39.871  2007  2044 E memtrack: Couldn't load memtrack module
09-29 12:54:39.871  2007  2044 W android.os.Debug: failed to get memory consumption info: -1
09-29 12:54:39.873  2007  2044 E memtrack: Couldn't load memtrack module
09-29 12:54:39.873  2007  2044 W android.os.Debug: failed to get memory consumption info: -1
09-29 12:54:40.087  2007  3037 I ActivityManager: Killing 4555:com.google.android.onetimeinitializer/u0a106 (adj 985): empty #17
09-29 12:54:40.128  1744  1744 I Zygote  : Process 4555 exited due to signal 9 (Killed)
09-29 12:54:40.144  3129  3389 I MicroDetectionWorker: #startMicroDetector [speakerMode: 0]
09-29 12:54:40.145  3129  3389 W ErrorReporter: reportError [type: 211, code: 393244, bug: 0]: errorCode: 393244, engine: 0
09-29 12:54:40.145  3129  3389 I MicroDetector: Keeping mic open: false
09-29 12:54:40.145  3129  3389 I MicroDetectionWorker: #onError(false)
09-29 12:54:40.167  2007  2047 I libprocessgroup: Successfully killed process cgroup uid 10106 pid 4555 in 79ms
09-29 12:54:40.411  2007  2044 E memtrack: Couldn't load memtrack module
09-29 12:54:40.411  2007  2044 W android.os.Debug: failed to get memory consumption info: -1
09-29 12:54:40.498  3129  3129 I BgTaskExecutorImpl: Starting EXCLUSIVE background task FETCH_OPT_IN_STATUSES.
09-29 12:54:40.526  3129  3433 I FetchOptInStatusTask: Do not disable hotword for VAA
09-29 12:54:40.544  3129  3129 I BgTaskExecutorImpl: Starting EXCLUSIVE background task NOW_UPDATE_GCM_REGISTRATION.
09-29 12:54:40.551  3129  3625 W InstanceID: Instance ID SDK is deprecated, com.google.android.googlequicksearchbox should update to use Firebase Instance ID
09-29 12:54:40.557  3129  3625 W OptInChecker: Missing cached UDC setting for NOW_CARDS
09-29 12:54:40.557  3129  3625 I OptInChecker: Falling back to non-UDC sources
09-29 12:54:40.557  3129  3625 I OptInChecker: Setting = NOW_CARDS, optedInt = false
09-29 12:54:43.631  2007  3039 I ActivityManager: Killing 4598:com.google.android.packageinstaller/u0a55 (adj 985): empty #17
09-29 12:54:43.632  2007  2044 E memtrack: Couldn't load memtrack module
09-29 12:54:43.632  2007  2044 W android.os.Debug: failed to get memory consumption info: -1
09-29 12:54:43.635  2007  2044 E memtrack: Couldn't load memtrack module
09-29 12:54:43.635  2007  2044 W android.os.Debug: failed to get memory consumption info: -1
09-29 12:54:43.636  2007  2044 E memtrack: Couldn't load memtrack module
09-29 12:54:43.636  2007  2044 W android.os.Debug: failed to get memory consumption info: -1
09-29 12:54:43.637  2007  2044 E memtrack: Couldn't load memtrack module
09-29 12:54:43.637  2007  2044 W android.os.Debug: failed to get memory consumption info: -1
09-29 12:54:43.677  2007  2047 I libprocessgroup: Successfully killed process cgroup uid 10055 pid 4598 in 46ms
09-29 12:54:43.677  1744  1744 I Zygote  : Process 4598 exited due to signal 9 (Killed)
09-29 12:54:43.953  2855  5408 I Vision  : Requesting optional module download of ocr.
09-29 12:54:43.953  2855  5408 I Vision  : Checking for download completion for 85946 -- ocr
09-29 12:54:44.488  2007  3039 D WificondControl: Scan result ready event
09-29 12:54:44.521  2007  5415 I system_server: The ClassLoaderContext is a special shared library.
09-29 12:54:44.659  2007  5415 I chatty  : uid=1000 system_server identical 28 lines
09-29 12:54:44.668  2007  5415 I system_server: The ClassLoaderContext is a special shared library.
09-29 12:54:44.671  2007  5415 I PackageManager.DexOptimizer: Running dexopt (dexoptNeeded=1) on: /data/app/com.example.contentprovideractivity-rSgEV-8lDbKKO4F5YTgyaw==/base.apk pkg=com.example.contentprovideractivity isa=x86 dexoptFlags=boot_complete,debuggable,public,enable_hidden_api_checks targetFilter=verify oatDir=/data/app/com.example.contentprovideractivity-rSgEV-8lDbKKO4F5YTgyaw==/oat classLoaderContext=PCL[]
09-29 12:54:44.672  1843  1843 V installd: DexInv: --- BEGIN '/data/app/com.example.contentprovideractivity-rSgEV-8lDbKKO4F5YTgyaw==/base.apk' ---
09-29 12:54:44.722  5417  5417 W dex2oat : Unexpected CPU variant for X86 using defaults: x86
09-29 12:54:44.722  5417  5417 W dex2oat : Mismatch between dex2oat instruction set features to use (ISA: X86 Feature string: -ssse3,-sse4.1,-sse4.2,-avx,-avx2,-popcnt) and those from CPP defines (ISA: X86 Feature string: ssse3,-sse4.1,-sse4.2,-avx,-avx2,-popcnt) for the command line:
09-29 12:54:44.722  5417  5417 W dex2oat : /apex/com.android.runtime/bin/dex2oat --zip-fd=8 --zip-location=base.apk --input-vdex-fd=-1 --output-vdex-fd=10 --oat-fd=9 --oat-location=/data/app/com.example.contentprovideractivity-rSgEV-8lDbKKO4F5YTgyaw==/oat/x86/base.odex --instruction-set=x86 --instruction-set-variant=x86 --instruction-set-features=default --runtime-arg -Xbootclasspath:/apex/com.android.runtime/javalib/core-oj.jar:/apex/com.android.runtime/javalib/core-libart.jar:/apex/com.android.runtime/javalib/okhttp.jar:/apex/com.android.runtime/javalib/bouncycastle.jar:/apex/com.android.runtime/javalib/apache-xml.jar:/system/framework/framework.jar:/system/framework/ext.jar:/system/framework/telephony-common.jar:/system/framework/voip-common.jar:/system/framework/ims-common.jar:/system/framework/android.test.base.jar --runtime-arg -Xms64m --runtime-arg -Xmx512m --resolve-startup-const-strings=true --max-image-block-size=524288 --compiler-filter=verify --swap-fd=11 --debuggable --classpath-dir=/data/app/com.example.contentprovideractivity-rSgEV-8lD
09-29 12:54:44.722  5417  5417 I dex2oat : /apex/com.android.runtime/bin/dex2oat --input-vdex-fd=-1 --output-vdex-fd=10 --resolve-startup-const-strings=true --max-image-block-size=524288 --compiler-filter=verify --debuggable --classpath-dir=/data/app/com.example.contentprovideractivity-rSgEV-8lDbKKO4F5YTgyaw== --class-loader-context=PCL[] --generate-mini-debug-info --compact-dex-level=none --compilation-reason=boot
09-29 12:54:44.726  5417  5417 I dex2oat : setting boot class path to /apex/com.android.runtime/javalib/core-oj.jar:/apex/com.android.runtime/javalib/core-libart.jar:/apex/com.android.runtime/javalib/okhttp.jar:/apex/com.android.runtime/javalib/bouncycastle.jar:/apex/com.android.runtime/javalib/apache-xml.jar:/system/framework/framework.jar:/system/framework/ext.jar:/system/framework/telephony-common.jar:/system/framework/voip-common.jar:/system/framework/ims-common.jar:/system/framework/android.test.base.jar
09-29 12:54:45.151  3129  3389 I MicroDetectionWorker: #startMicroDetector [speakerMode: 0]
09-29 12:54:45.152  3129  3389 W ErrorReporter: reportError [type: 211, code: 393244, bug: 0]: errorCode: 393244, engine: 0
09-29 12:54:45.153  3129  3389 I MicroDetector: Keeping mic open: false
09-29 12:54:45.153  3129  3389 I MicroDetectionWorker: #onError(false)
09-29 12:54:45.153  3129  3625 I DeviceStateChecker: DeviceStateChecker cancelled
09-29 12:54:45.285  5417  5423 W dex2oat : Accessing hidden method Landroid/view/View;->getWindowInsetsController()Landroid/view/WindowInsetsController; (blacklist, linking, denied)
09-29 12:54:45.292  5417  5417 W dex2oat : Accessing hidden method Landroid/view/WindowInsets$Type;->tappableElement()I (blacklist, linking, denied)
09-29 12:54:45.292  5417  5417 W dex2oat : Accessing hidden method Landroid/view/WindowInsets$Type;->mandatorySystemGestures()I (blacklist, linking, denied)
09-29 12:54:45.292  5417  5417 W dex2oat : Accessing hidden method Landroid/view/WindowInsets$Type;->systemGestures()I (blacklist, linking, denied)
09-29 12:54:45.292  5417  5417 W dex2oat : Accessing hidden method Landroid/view/WindowInsets$Type;->ime()I (blacklist, linking, denied)
09-29 12:54:45.554  5417  5423 W dex2oat : Accessing hidden method Landroid/view/WindowInsetsAnimationController;->getCurrentInsets()Landroid/graphics/Insets; (blacklist, linking, denied)
09-29 12:54:45.554  5417  5423 W dex2oat : Accessing hidden method Landroid/view/WindowInsetsAnimationController;->getHiddenStateInsets()Landroid/graphics/Insets; (blacklist, linking, denied)
09-29 12:54:45.554  5417  5423 W dex2oat : Accessing hidden method Landroid/view/WindowInsetsAnimationController;->getShownStateInsets()Landroid/graphics/Insets; (blacklist, linking, denied)
09-29 12:54:45.554  5417  5423 W dex2oat : Accessing hidden method Landroid/view/WindowInsetsAnimationController;->getTypes()I (blacklist, linking, denied)
09-29 12:54:45.554  5417  5423 W dex2oat : Accessing hidden method Landroid/view/Window;->getInsetsController()Landroid/view/WindowInsetsController; (blacklist, linking, denied)
09-29 12:54:45.555  5417  5423 W dex2oat : Accessing hidden method Landroid/view/WindowInsetsController;->hide(I)V (blacklist, linking, denied)
09-29 12:54:45.556  5417  5423 W dex2oat : Accessing hidden method Landroid/view/WindowInsetsController;->show(I)V (blacklist, linking, denied)
09-29 12:54:45.558  2007  2044 E memtrack: Couldn't load memtrack module
09-29 12:54:45.558  2007  2044 W android.os.Debug: failed to get memory consumption info: -1
09-29 12:54:45.562  2007  2044 E memtrack: Couldn't load memtrack module
09-29 12:54:45.562  2007  2044 W android.os.Debug: failed to get memory consumption info: -1
09-29 12:54:45.698  5417  5423 W dex2oat : Accessing hidden method Landroid/view/WindowInsets$Builder;->setInsets(ILandroid/graphics/Insets;)Landroid/view/WindowInsets$Builder; (blacklist, linking, denied)
09-29 12:54:45.698  5417  5423 W dex2oat : Accessing hidden method Landroid/view/WindowInsets$Builder;->setVisible(IZ)Landroid/view/WindowInsets$Builder; (blacklist, linking, denied)
09-29 12:54:45.822  5417  5423 W dex2oat : Accessing hidden method Landroid/view/WindowInsets;->getInsets(I)Landroid/graphics/Insets; (blacklist, linking, denied)
09-29 12:54:45.822  5417  5423 W dex2oat : Accessing hidden method Landroid/view/WindowInsets;->isVisible(I)Z (blacklist, linking, denied)
09-29 12:54:45.889  5417  5417 I dex2oat : Explicit concurrent copying GC freed 25163(4570KB) AllocSpace objects, 0(0B) LOS objects, 96% free, 48KB/1584KB, paused 409us total 15.180ms
09-29 12:54:45.915  5417  5417 I dex2oat : Explicit concurrent copying GC freed 745(223KB) AllocSpace objects, 0(0B) LOS objects, 96% free, 49KB/1585KB, paused 423us total 3.184ms
09-29 12:54:45.945  5417  5417 I dex2oat : Explicit concurrent copying GC freed 205(98KB) AllocSpace objects, 0(0B) LOS objects, 96% free, 49KB/1585KB, paused 424us total 3.632ms
09-29 12:54:45.970  5417  5417 I dex2oat : dex2oat took 1.250s (3.086s cpu) (threads: 4) arena alloc=0B (0B) java alloc=49KB (50808B) native alloc=4969KB (5089256B) free=842KB (862232B)
09-29 12:54:45.977  1843  1843 V installd: DexInv: --- END '/data/app/com.example.contentprovideractivity-rSgEV-8lDbKKO4F5YTgyaw==/base.apk' (success) ---
09-29 12:54:45.992  2007  5415 I system_server: The ClassLoaderContext is a special shared library.
09-29 12:54:46.558  2007  5415 I chatty  : uid=1000 system_server identical 88 lines
09-29 12:54:46.566  2007  5415 I system_server: The ClassLoaderContext is a special shared library.
09-29 12:54:46.567  2007  5415 I BackgroundDexOptService: Pinning optimized code {com.example.contentprovideractivity}
09-29 12:54:49.143  2007  2044 E memtrack: Couldn't load memtrack module
09-29 12:54:49.143  2007  2044 W android.os.Debug: failed to get memory consumption info: -1
09-29 12:54:49.145  2007  2044 E memtrack: Couldn't load memtrack module
09-29 12:54:49.145  2007  2044 W android.os.Debug: failed to get memory consumption info: -1
09-29 12:54:49.146  2007  2044 E memtrack: Couldn't load memtrack module
09-29 12:54:49.146  2007  2044 W android.os.Debug: failed to get memory consumption info: -1
09-29 12:54:49.395  1828  5433 I adbd    : adbd restarting as root
09-29 12:54:49.516  5434  5435 I adbd    : opening control endpoint /dev/usb-ffs/adb/ep0
09-29 12:54:49.520  5434  5435 I adbd    : UsbFfsConnection constructed
09-29 12:54:50.150  2007  2044 E memtrack: Couldn't load memtrack module
09-29 12:54:50.151  2007  2044 W android.os.Debug: failed to get memory consumption info: -1
09-29 12:54:50.156  3129  3389 I MicroDetectionWorker: #startMicroDetector [speakerMode: 0]
09-29 12:54:50.158  3129  3389 W ErrorReporter: reportError [type: 211, code: 393244, bug: 0]: errorCode: 393244, engine: 0
09-29 12:54:50.159  2007  2044 E memtrack: Couldn't load memtrack module
09-29 12:54:50.159  2007  2044 W android.os.Debug: failed to get memory consumption info: -1
09-29 12:54:50.159  3129  3389 I MicroDetector: Keeping mic open: false
09-29 12:54:50.159  3129  3389 I MicroDetectionWorker: #onError(false)
09-29 12:54:50.159  3129  3625 I DeviceStateChecker: DeviceStateChecker cancelled
09-29 12:54:50.517  5434  5434 I adbd    : adbd listening on port 5555
09-29 12:54:50.528  5434  5450 I adbd    : USB event: FUNCTIONFS_ENABLE
09-29 12:54:50.530  5434  5450 W adbd    : received FUNCTIONFS_ENABLE while not bound?
09-29 12:54:50.531  5434  5452 I adbd    : host-16: read thread spawning
09-29 12:54:50.531  5434  5453 I adbd    : host-16: write thread spawning
09-29 12:54:50.531  5434  5450 I adbd    : UsbFfs: connection terminated: monitor thread finished
09-29 12:54:50.531  5434  5434 I adbd    : host-16: already offline
09-29 12:54:50.531  5434  5434 I adbd    : UsbFfs: already offline
09-29 12:54:50.531  5434  5434 I adbd    : destroying transport UsbFfs
09-29 12:54:50.532  5434  5434 I adbd    : UsbFfsConnection being destroyed
09-29 12:54:50.607  5434  5435 I adbd    : opening control endpoint /dev/usb-ffs/adb/ep0
09-29 12:54:50.613  5434  5435 I adbd    : UsbFfsConnection constructed
09-29 12:54:50.615  5434  5461 I adbd    : USB event: FUNCTIONFS_BIND
09-29 12:54:51.277  2007  2044 E memtrack: Couldn't load memtrack module
09-29 12:54:51.277  2007  2044 W android.os.Debug: failed to get memory consumption info: -1
09-29 12:54:51.329  5434  5461 I adbd    : USB event: FUNCTIONFS_ENABLE
09-29 12:54:51.688  2007  3037 I ActivityManager: Killing 4655:com.google.android.permissioncontroller/u0a68 (adj 975): empty #17
09-29 12:54:51.729  1744  1744 I Zygote  : Process 4655 exited due to signal 9 (Killed)
09-29 12:54:51.767  2007  2047 I libprocessgroup: Successfully killed process cgroup uid 10068 pid 4655 in 78ms
09-29 12:54:53.966  2855  5841 I Vision  : Requesting optional module download of ocr.
09-29 12:54:53.967  2855  5841 I Vision  : Checking for download completion for 95960 -- ocr
09-29 12:54:54.244  2495  3442 E ActivityThread: Failed to find provider info for com.google.android.apps.wellbeing.api
09-29 12:54:55.163  3129  3389 I MicroDetectionWorker: #startMicroDetector [speakerMode: 0]
09-29 12:54:55.164  3129  3389 W ErrorReporter: reportError [type: 211, code: 393244, bug: 0]: errorCode: 393244, engine: 0
09-29 12:54:55.165  3129  3389 I MicroDetector: Keeping mic open: false
09-29 12:54:55.165  3129  3389 I MicroDetectionWorker: #onError(false)
09-29 12:54:55.539  2007  2044 E memtrack: Couldn't load memtrack module
09-29 12:54:55.540  2007  2044 W android.os.Debug: failed to get memory consumption info: -1
09-29 12:54:55.541  2007  2044 E memtrack: Couldn't load memtrack module
09-29 12:54:55.541  2007  2044 W android.os.Debug: failed to get memory consumption info: -1
09-29 12:54:59.112  2007  2044 E memtrack: Couldn't load memtrack module
09-29 12:54:59.112  2007  2044 W android.os.Debug: failed to get memory consumption info: -1
09-29 12:54:59.115  2007  2044 E memtrack: Couldn't load memtrack module
09-29 12:54:59.115  2007  2044 W android.os.Debug: failed to get memory consumption info: -1
09-29 12:54:59.116  2007  2044 E memtrack: Couldn't load memtrack module
09-29 12:54:59.116  2007  2044 W android.os.Debug: failed to get memory consumption info: -1
09-29 12:54:59.118  2007  2044 E memtrack: Couldn't load memtrack module
09-29 12:54:59.118  2007  2044 W android.os.Debug: failed to get memory consumption info: -1
09-29 12:54:59.119  2007  2044 E memtrack: Couldn't load memtrack module
09-29 12:54:59.120  2007  2044 W android.os.Debug: failed to get memory consumption info: -1
09-29 12:55:00.004  2152  2152 D KeyguardClockSwitch: Updating clock: 12î¸55
09-29 12:55:00.169  3129  3389 I MicroDetectionWorker: #startMicroDetector [speakerMode: 0]
09-29 12:55:00.171  3129  3389 W ErrorReporter: reportError [type: 211, code: 393244, bug: 0]: errorCode: 393244, engine: 0
09-29 12:55:00.173  3129  3389 I MicroDetector: Keeping mic open: false
09-29 12:55:00.173  3129  3389 I MicroDetectionWorker: #onError(false)
09-29 12:55:00.173  3129  3625 I DeviceStateChecker: DeviceStateChecker cancelled
09-29 12:55:01.265  2007  2007 W Telecom : Logging: Stale Sessions Cleaned:
09-29 12:55:01.265  2007  2007 W Telecom : CM.CCCR@ADg
09-29 12:55:01.265  2007  2007 W Telecom : 	CM.CCCR->CM.UECNT@ADg
09-29 12:55:01.265  2007  2007 W Telecom : 		CM.CCCR->CM.UECNT@ADg
09-29 12:55:01.265  2007  2007 W Telecom : 			CM.CCCR->CM.UECNT->CM.CCCR->CM.UECNT@ADg
09-29 12:55:03.630  2007  3037 I ActivityManager: Killing 4735:com.google.android.projection.gearhead:projection/u0a121 (adj 975): empty #17
09-29 12:55:03.631  2007  2044 E memtrack: Couldn't load memtrack module
09-29 12:55:03.631  2007  2044 W android.os.Debug: failed to get memory consumption info: -1
09-29 12:55:03.633  2007  2044 E memtrack: Couldn't load memtrack module
09-29 12:55:03.633  2007  2044 W android.os.Debug: failed to get memory consumption info: -1
09-29 12:55:03.634  2007  2044 E memtrack: Couldn't load memtrack module
09-29 12:55:03.634  2007  2044 W android.os.Debug: failed to get memory consumption info: -1
09-29 12:55:03.673  4774  5367 W CAR.SERVICE: Binder died: com.google.android.projection.gearhead [CONTEXT service_id=13 ]
09-29 12:55:03.674  2007  2425 W ActivityManager: Failure disconnecting service com.google.android.projection.gearhead/com.google.android.gearhead.service.SharedService to connection android.os.BinderProxy@2c98970 (in com.google.android.projection.gearhead:projection)
09-29 12:55:03.674  2007  2425 W ActivityManager: android.os.DeadObjectException
09-29 12:55:03.674  2007  2425 W ActivityManager: 	at android.os.BinderProxy.transactNative(Native Method)
09-29 12:55:03.674  2007  2425 W ActivityManager: 	at android.os.BinderProxy.transact(BinderProxy.java:510)
09-29 12:55:03.674  2007  2425 W ActivityManager: 	at android.app.IServiceConnection$Stub$Proxy.connected(IServiceConnection.java:129)
09-29 12:55:03.674  2007  2425 W ActivityManager: 	at com.android.server.am.ActiveServices.bringDownServiceLocked(ActiveServices.java:2896)
09-29 12:55:03.674  2007  2425 W ActivityManager: 	at com.android.server.am.ActiveServices.bringDownServiceIfNeededLocked(ActiveServices.java:2877)
09-29 12:55:03.674  2007  2425 W ActivityManager: 	at com.android.server.am.ActiveServices.removeConnectionLocked(ActiveServices.java:3164)
09-29 12:55:03.674  2007  2425 W ActivityManager: 	at com.android.server.am.ActiveServices.killServicesLocked(ActiveServices.java:3547)
09-29 12:55:03.674  2007  2425 W ActivityManager: 	at com.android.server.am.ActivityManagerService.cleanUpApplicationRecordLocked(ActivityManagerService.java:13694)
09-29 12:55:03.674  2007  2425 W ActivityManager: 	at com.android.server.am.ActivityManagerService.handleAppDiedLocked(ActivityManagerService.java:3596)
09-29 12:55:03.674  2007  2425 W ActivityManager: 	at com.android.server.am.ActivityManagerService.appDiedLocked(ActivityManagerService.java:3748)
09-29 12:55:03.674  2007  2425 W ActivityManager: 	at com.android.server.am.ActivityManagerService$AppDeathRecipient.binderDied(ActivityManagerService.java:1504)
09-29 12:55:03.674  2007  2425 W ActivityManager: 	at android.os.BinderProxy.sendDeathNotice(BinderProxy.java:620)
09-29 12:55:03.675  4691  4691 D GH.CarClientManager: unregistered listener bof@edfc356
09-29 12:55:03.675  4691  4691 I GH.HatsManager: HaTS feature flag is not enabled. Not stopping HatsManager.
09-29 12:55:03.675  4691  4691 D GH.RatingPromptManager: Stopping RatingPromptManager.
09-29 12:55:03.675  4691  4691 D GH.AutoLaunchPromptMgr: Stopping AutoLaunchPromptManager.
09-29 12:55:03.676  4691  4691 D GH.FeedbackNotifManager: Stopping FeedbackNotificationManager.
09-29 12:55:03.676  4691  4691 D GH.CarClientManager: stop
09-29 12:55:03.676  1744  1744 I Zygote  : Process 4735 exited due to signal 9 (Killed)
09-29 12:55:03.676  4691  4691 D CAR.CLIENT: disconnect com.google.android.gms.car.CarClientImpl@92054da
09-29 12:55:03.676  4691  4691 D CAR.CLIENT: tearDown com.google.android.gms.car.CarClientImpl@92054da
09-29 12:55:03.677  4691  4691 I GH.SharedService: Shared Service destroyed
09-29 12:55:03.677  2007  2044 E memtrack: Couldn't load memtrack module
09-29 12:55:03.677  2007  2044 W android.os.Debug: failed to get memory consumption info: -1
09-29 12:55:03.679  2007  2044 E memtrack: Couldn't load memtrack module
09-29 12:55:03.679  2007  2044 W android.os.Debug: failed to get memory consumption info: -1
09-29 12:55:03.682  2007  2044 E memtrack: Couldn't load memtrack module
09-29 12:55:03.682  2007  2044 W android.os.Debug: failed to get memory consumption info: -1
09-29 12:55:03.684  2007  2044 E memtrack: Couldn't load memtrack module
09-29 12:55:03.684  2007  2044 W android.os.Debug: failed to get memory consumption info: -1
09-29 12:55:03.708  2007  2047 I libprocessgroup: Successfully killed process cgroup uid 10121 pid 4735 in 76ms
09-29 12:55:03.978  2855  5845 I Vision  : Requesting optional module download of ocr.
09-29 12:55:03.978  2855  5845 I Vision  : Checking for download completion for 105972 -- ocr
09-29 12:55:05.176  3129  3389 I MicroDetectionWorker: #startMicroDetector [speakerMode: 0]
09-29 12:55:05.177  3129  3389 W ErrorReporter: reportError [type: 211, code: 393244, bug: 0]: errorCode: 393244, engine: 0
09-29 12:55:05.178  3129  3389 I MicroDetector: Keeping mic open: false
09-29 12:55:05.178  3129  3389 I MicroDetectionWorker: #onError(false)
09-29 12:55:06.036  2007  2044 E memtrack: Couldn't load memtrack module
09-29 12:55:06.036  2007  2044 W android.os.Debug: failed to get memory consumption info: -1
09-29 12:55:06.037  2007  2044 E memtrack: Couldn't load memtrack module
09-29 12:55:06.038  2007  2044 W android.os.Debug: failed to get memory consumption info: -1
09-29 12:55:08.722  4774  4774 I CAR.SERVICE: Skip, no clients bound. [CONTEXT service_id=13 ]
09-29 12:55:08.722  4774  4774 I CAR.TEL.Service: Unbinding from InCallService [CONTEXT service_id=13 ]
09-29 12:55:08.722  4774  4774 W ConnectionTracker: Exception thrown while unbinding
09-29 12:55:08.722  4774  4774 W ConnectionTracker: java.lang.IllegalArgumentException: Service not registered: njn@e2f0498
09-29 12:55:08.722  4774  4774 W ConnectionTracker: 	at android.app.LoadedApk.forgetServiceDispatcher(LoadedApk.java:1751)
09-29 12:55:08.722  4774  4774 W ConnectionTracker: 	at android.app.ContextImpl.unbindService(ContextImpl.java:1776)
09-29 12:55:08.722  4774  4774 W ConnectionTracker: 	at android.content.ContextWrapper.unbindService(ContextWrapper.java:741)
09-29 12:55:08.722  4774  4774 W ConnectionTracker: 	at android.content.ContextWrapper.unbindService(ContextWrapper.java:741)
09-29 12:55:08.722  4774  4774 W ConnectionTracker: 	at android.content.ContextWrapper.unbindService(ContextWrapper.java:741)
09-29 12:55:08.722  4774  4774 W ConnectionTracker: 	at slx.c(:com.google.android.gms@202414022@20.24.14 (040700-319035315):4)
09-29 12:55:08.722  4774  4774 W ConnectionTracker: 	at slx.a(:com.google.android.gms@202414022@20.24.14 (040700-319035315):6)
09-29 12:55:08.722  4774  4774 W ConnectionTracker: 	at njq.g(:com.google.android.gms@202414022@20.24.14 (040700-319035315):1)
09-29 12:55:08.722  4774  4774 W ConnectionTracker: 	at njq.a(:com.google.android.gms@202414022@20.24.14 (040700-319035315):9)
09-29 12:55:08.722  4774  4774 W ConnectionTracker: 	at nno.j(:com.google.android.gms@202414022@20.24.14 (040700-319035315):3)
09-29 12:55:08.722  4774  4774 W ConnectionTracker: 	at npf.j(:com.google.android.gms@202414022@20.24.14 (040700-319035315):0)
09-29 12:55:08.722  4774  4774 W ConnectionTracker: 	at com.google.android.gms.car.CarChimeraService.onDestroy(:com.google.android.gms@202414022@20.24.14 (040700-319035315):2)
09-29 12:55:08.722  4774  4774 W ConnectionTracker: 	at qma.onDestroy(:com.google.android.gms@202414022@20.24.14 (040700-319035315):3)
09-29 12:55:08.722  4774  4774 W ConnectionTracker: 	at android.app.ActivityThread.handleStopService(ActivityThread.java:4116)
09-29 12:55:08.722  4774  4774 W ConnectionTracker: 	at android.app.ActivityThread.access$1900(ActivityThread.java:219)
09-29 12:55:08.722  4774  4774 W ConnectionTracker: 	at android.app.ActivityThread$H.handleMessage(ActivityThread.java:1896)
09-29 12:55:08.722  4774  4774 W ConnectionTracker: 	at android.os.Handler.dispatchMessage(Handler.java:107)
09-29 12:55:08.722  4774  4774 W ConnectionTracker: 	at android.os.Looper.loop(Looper.java:214)
09-29 12:55:08.722  4774  4774 W ConnectionTracker: 	at android.app.ActivityThread.main(ActivityThread.java:7356)
09-29 12:55:08.722  4774  4774 W ConnectionTracker: 	at java.lang.reflect.Method.invoke(Native Method)
09-29 12:55:08.722  4774  4774 W ConnectionTracker: 	at com.android.internal.os.RuntimeInit$MethodAndArgsCaller.run(RuntimeInit.java:492)
09-29 12:55:08.722  4774  4774 W ConnectionTracker: 	at com.android.internal.os.ZygoteInit.main(ZygoteInit.java:930)
09-29 12:55:08.722  4774  4774 I CAR.TEL.CarCall: clearCalls [CONTEXT service_id=13 ]
09-29 12:55:08.722  4774  4774 I CAR.TEL.Service: Clearing calls during removePhone [CONTEXT service_id=13 ]
09-29 12:55:09.391  2007  2044 E memtrack: Couldn't load memtrack module
09-29 12:55:09.392  2007  2044 W android.os.Debug: failed to get memory consumption info: -1
09-29 12:55:09.395  2007  2044 E memtrack: Couldn't load memtrack module
09-29 12:55:09.395  2007  2044 W android.os.Debug: failed to get memory consumption info: -1
09-29 12:55:09.397  2007  2044 E memtrack: Couldn't load memtrack module
09-29 12:55:09.397  2007  2044 W android.os.Debug: failed to get memory consumption info: -1
09-29 12:55:10.182  3129  3389 I MicroDetectionWorker: #startMicroDetector [speakerMode: 0]
09-29 12:55:10.183  3129  3389 W ErrorReporter: reportError [type: 211, code: 393244, bug: 0]: errorCode: 393244, engine: 0
09-29 12:55:10.183  3129  3389 I MicroDetector: Keeping mic open: false
09-29 12:55:10.184  3129  3389 I MicroDetectionWorker: #onError(false)
09-29 12:55:10.411  2007  2044 E memtrack: Couldn't load memtrack module
09-29 12:55:10.411  2007  2044 W android.os.Debug: failed to get memory consumption info: -1
09-29 12:55:10.413  2007  2044 E memtrack: Couldn't load memtrack module
09-29 12:55:10.413  2007  2044 W android.os.Debug: failed to get memory consumption info: -1
09-29 12:55:13.981  2007  2044 E memtrack: Couldn't load memtrack module
09-29 12:55:13.981  2007  2044 W android.os.Debug: failed to get memory consumption info: -1
09-29 12:55:13.988  2855  5847 I Vision  : Requesting optional module download of ocr.
09-29 12:55:13.988  2855  5847 I Vision  : Exceeded maximum feature download tries for ocr
09-29 12:55:13.988  2855  5847 W Vision  : Request of optional module download of ocr failed.
09-29 12:55:13.988  2855  5847 I Vision  : Checking for download completion for 115982 -- ocr
09-29 12:55:14.070  4451  4451 W wvh     : Already started: wvh@c0373a5
09-29 12:55:14.088  4451  5851 E qof     : Interactive Ads jobs: did not expect this future to ever resolve
09-29 12:55:15.186  3129  3389 I MicroDetectionWorker: #startMicroDetector [speakerMode: 0]
09-29 12:55:15.187  3129  3389 W ErrorReporter: reportError [type: 211, code: 393244, bug: 0]: errorCode: 393244, engine: 0
09-29 12:55:15.188  3129  3389 I MicroDetector: Keeping mic open: false
09-29 12:55:15.188  3129  3389 I MicroDetectionWorker: #onError(false)
09-29 12:55:18.785  2007  2044 E memtrack: Couldn't load memtrack module
09-29 12:55:18.785  2007  2044 W android.os.Debug: failed to get memory consumption info: -1
09-29 12:55:20.192  3129  3389 I MicroDetectionWorker: #startMicroDetector [speakerMode: 0]
09-29 12:55:20.193  3129  3389 W ErrorReporter: reportError [type: 211, code: 393244, bug: 0]: errorCode: 393244, engine: 0
09-29 12:55:20.193  3129  3389 I MicroDetector: Keeping mic open: false
09-29 12:55:20.194  3129  3389 I MicroDetectionWorker: #onError(false)
09-29 12:55:23.823  5216  5272 I Dialer  : OmtpVvmCarrierCfgHlpr - OmtpEvent:CONFIG_STATUS_SMS_TIME_OUT
09-29 12:55:23.823  5216  5216 I Dialer  : RetryPolicy - discarding deferred status: configuration_state=4
09-29 12:55:23.825  5216  5216 I Dialer  : VvmTaskExecutor - no more tasks, stopping service if no task are added in 5000 millis
09-29 12:55:23.826  5216  5216 I Dialer  : VvmTaskReceiver - task received
09-29 12:55:23.826  5216  5216 I Dialer  : VvmTaskReceiver - TaskExecutor already running
09-29 12:55:23.826  5216  5216 I Dialer  : Task.createTask - create task:com.android.voicemail.impl.ActivationTask
09-29 12:55:23.826  5216  5216 I Dialer  : RetryPolicy - retry #1 for com.android.voicemail.impl.ActivationTask@45d1da0 queued, executing in 5000
09-29 12:55:23.827  5216  5216 I Dialer  : VvmTaskExecutor - com.android.voicemail.impl.ActivationTask@45d1da0 added
09-29 12:55:23.827  5216  5216 I Dialer  : VvmTaskExecutor - minimal wait time:5000
09-29 12:55:23.827  5216  5216 I Dialer  : VvmTaskExecutor - sleep for 5000 millis
09-29 12:55:23.828  2007  2044 E memtrack: Couldn't load memtrack module
09-29 12:55:23.828  2007  2044 W android.os.Debug: failed to get memory consumption info: -1
09-29 12:55:23.830  2007  2044 E memtrack: Couldn't load memtrack module
09-29 12:55:23.830  2007  2044 W android.os.Debug: failed to get memory consumption info: -1
09-29 12:55:23.996  2855  5860 I Vision  : Requesting optional module download of ocr.
09-29 12:55:24.001  2855  5860 I Vision  : Checking for download completion for 125994 -- ocr
09-29 12:55:24.003  2855  5860 I ChimeraConfigurator: Starting update, reason: 4 urgentFeatures: vision.ocr:-1
09-29 12:55:24.004  2855  5860 E ConfigFileUtils: Failed to read config file: /data/user_de/0/com.google.android.gms/app_chimera/next_container.pb: open failed: ENOENT (No such file or directory)
09-29 12:55:24.036  2855  5860 I ChmraDebugLogger: [73] 1801
09-29 12:55:24.038  2855  5860 I ChmraDebugLogger: [30] [VisionOcr.optional:202414000700] permitMetered=true,
09-29 12:55:24.042  2855  5860 W ChimeraConfigService: Retry attempt was throttled.
09-29 12:55:25.197  3129  3389 I MicroDetectionWorker: #startMicroDetector [speakerMode: 0]
09-29 12:55:25.198  3129  3389 W ErrorReporter: reportError [type: 211, code: 393244, bug: 0]: errorCode: 393244, engine: 0
09-29 12:55:25.199  3129  3389 I MicroDetector: Keeping mic open: false
09-29 12:55:25.199  3129  3389 I MicroDetectionWorker: #onError(false)
09-29 12:55:28.869  5216  5272 I Dialer  : VvmTaskExecutor - executing task com.android.voicemail.impl.ActivationTask@45d1da0
09-29 12:55:28.869  5216  5272 I Dialer  : PreOMigrationHandler - ComponentInfo{com.android.phone/com.android.services.telephony.TelephonyConnectionService}, ***, UserHandle{0} already migrated
09-29 12:55:28.916  2760  2778 I VoicemailNotifier: receivers for android.intent.action.PROVIDER_CHANGED :[]
09-29 12:55:28.919  5216  5272 I Dialer  : VvmActivationTask - VVM content provider configured - vvm_type_cvvm
09-29 12:55:28.920  5216  5272 I Dialer  : OmtpVvmCarrierCfgHlpr - OmtpEvent:CONFIG_ACTIVATING
09-29 12:55:28.931  2760  2778 I VoicemailNotifier: receivers for android.intent.action.PROVIDER_CHANGED :[]
09-29 12:55:28.936  2305  2680 I LocationAccessPolicy: Allowing com.android.dialer fine because it doesn't target API 29 yet. Please fix this app. Called from getServiceStateForSubscriber
09-29 12:55:28.938  2305  2680 I LocationAccessPolicy: Allowing com.android.dialer coarse because it doesn't target API 29 yet. Please fix this app. Called from getServiceStateForSubscriber
09-29 12:55:28.977  2007  2425 W ActivityManager: Background start not allowed: service Intent { cmp=com.google.android.apps.messaging/.shared.datamodel.action.execution.ActionExecutorImpl$EmptyService } to com.google.android.apps.messaging/.shared.datamodel.action.execution.ActionExecutorImpl$EmptyService from pid=3971 uid=10130 pkg=com.google.android.apps.messaging startFg?=false
09-29 12:55:28.983  3971  4769 I Bugle   : CountryCodeDetector: updateMainDeviceCountry from default subscription network country. detected country: us
09-29 12:55:30.203  3129  3389 I MicroDetectionWorker: #startMicroDetector [speakerMode: 0]
09-29 12:55:30.205  3129  3389 W ErrorReporter: reportError [type: 211, code: 393244, bug: 0]: errorCode: 393244, engine: 0
09-29 12:55:30.206  3129  3389 I MicroDetector: Keeping mic open: false
09-29 12:55:30.206  3129  3389 I MicroDetectionWorker: #onError(false)
09-29 12:55:32.408  2007  2025 I ActivityManager: Force stopping com.example.contentprovideractivity appid=10159 user=0: from pid 5868
09-29 12:55:32.448  2305  2305 D CarrierSvcBindHelper: No carrier app for: 0
09-29 12:55:33.580  2007  2025 I ActivityManager: Force stopping com.example.contentprovideractivity appid=10159 user=0: from pid 5892
09-29 12:55:34.108  2007  2103 W ActivityManager: Unable to start service Intent { act=com.google.android.gms.drive.ApiService.RESET_AFTER_BOOT flg=0x4 cmp=com.google.android.gms/.drive.api.ApiService (has extras) } U=0: not found
09-29 12:55:34.217  2007  2007 W Looper  : Slow dispatch took 106ms main h=com.android.server.AlarmManagerService$AlarmHandler c=android.app.PendingIntent$FinishedDispatcher@adb19d1 m=0
09-29 12:55:33.654  2305  2305 D CarrierSvcBindHelper: No carrier app for: 0
09-29 12:55:34.452  2855  5902 I Vision  : Requesting optional module download of ocr.
09-29 12:55:34.453  2855  5902 I Vision  : Checking for download completion for 136446 -- ocr
09-29 12:55:34.617  2007  2450 I ActivityTaskManager: START u0 {act=android.intent.action.MAIN cat=[android.intent.category.LAUNCHER] flg=0x10000000 cmp=com.example.contentprovideractivity/.MainActivity} from uid 0
09-29 12:55:34.835  2007  2450 W InputReader: Device has associated, but no associated display id.
09-29 12:55:34.835  2007  2450 I chatty  : uid=1000(system) Binder:2007_8 identical 8 lines
09-29 12:55:34.835  2007  2450 W InputReader: Device has associated, but no associated display id.
09-29 12:55:34.893  2007  5843 W system_server: Long monitor contention with owner Binder:2007_8 (2450) at int com.android.server.wm.ActivityStarter.startActivityMayWait(android.app.IApplicationThread, int, java.lang.String, int, int, android.content.Intent, java.lang.String, android.service.voice.IVoiceInteractionSession, com.android.internal.app.IVoiceInteractor, android.os.IBinder, java.lang.String, int, int, android.app.ProfilerInfo, android.app.WaitResult, android.content.res.Configuration, com.android.server.wm.SafeActivityOptions, boolean, int, com.android.server.wm.TaskRecord, java.lang.String, boolean, com.android.server.am.PendingIntentRecord, boolean)(ActivityStarter.java:1217) waiters=0 in com.android.server.wm.WindowProcessController com.android.server.wm.ActivityTaskManagerService$LocalService.getTopApp() for 223ms
09-29 12:55:34.911  2007  2040 E system_server: Invalid ID 0x00000000.
09-29 12:55:34.918  2007  2040 W System  : ClassLoader referenced unknown path: 
09-29 12:55:35.023  2007  2046 W ActivityManager: Slow operation: 80ms so far, now at startProcess: asking zygote to start proc
09-29 12:55:35.086  1772  1817 D gralloc_ranchu: gralloc_alloc: Creating ashmem region of size 14749696
09-29 12:55:35.093  1744  1744 D Zygote  : Forked child process 5905
09-29 12:55:35.113  2007  2046 W ActivityManager: Slow operation: 170ms so far, now at startProcess: returned from zygote!
09-29 12:55:35.113  2007  2046 W ActivityManager: Slow operation: 171ms so far, now at startProcess: done updating battery stats
09-29 12:55:35.114  2007  2046 W ActivityManager: Slow operation: 171ms so far, now at startProcess: building log message
09-29 12:55:35.114  2007  2046 I ActivityManager: Start proc 5905:com.example.contentprovideractivity/u0a159 for activity {com.example.contentprovideractivity/com.example.contentprovideractivity.MainActivity}
09-29 12:55:35.114  2007  2046 W ActivityManager: Slow operation: 171ms so far, now at startProcess: starting to update pids map
09-29 12:55:35.116  2007  2046 W ActivityManager: Slow operation: 173ms so far, now at startProcess: done updating pids map
09-29 12:55:35.116  1648  1648 I hwservicemanager: getTransport: Cannot find entry android.hardware.graphics.mapper@3.0::IMapper/default in either framework or device manifest.
09-29 12:55:35.117  2007  2040 W Gralloc3: mapper 3.x is not supported
09-29 12:55:35.120  5905  5905 I rovideractivit: Late-enabling -Xcheck:jni
09-29 12:55:35.141  2007  2040 D HostConnection: createUnique: call
09-29 12:55:35.144  2007  2040 D HostConnection: HostConnection::get() New Host Connection established 0xbb1a2540, tid 2040
09-29 12:55:35.145  2007  2040 D HostConnection: HostComposition ext ANDROID_EMU_CHECKSUM_HELPER_v1 ANDROID_EMU_dma_v1 ANDROID_EMU_direct_mem ANDROID_EMU_host_composition_v1 ANDROID_EMU_host_composition_v2 ANDROID_EMU_vulkan ANDROID_EMU_deferred_vulkan_commands ANDROID_EMU_vulkan_null_optional_strings ANDROID_EMU_vulkan_create_resources_with_requirements ANDROID_EMU_YUV_Cache ANDROID_EMU_vulkan_ignored_handles ANDROID_EMU_vulkan_free_memory_sync ANDROID_EMU_vulkan_shader_float16_int8 ANDROID_EMU_vulkan_async_queue_submit ANDROID_EMU_sync_buffer_data GL_OES_vertex_array_object GL_KHR_texture_compression_astc_ldr ANDROID_EMU_host_side_tracing ANDROID_EMU_gles_max_version_2 
09-29 12:55:35.145  2007  2040 D eglCodecCommon: allocate: Ask for block of size 0x1000
09-29 12:55:35.146  2007  2040 D eglCodecCommon: allocate: ioctl allocate returned offset 0x3ffff6000 size 0x2000
09-29 12:55:35.163  5905  5905 E rovideractivit: Unknown bits set in runtime_flags: 0x8000
09-29 12:55:35.164  5905  5905 W rovideractivit: Unexpected CPU variant for X86 using defaults: x86
09-29 12:55:35.190  2007  2040 D eglCodecCommon: allocate: Ask for block of size 0xe11000
09-29 12:55:35.191  2007  2040 D eglCodecCommon: allocate: ioctl allocate returned offset 0x3ff1e0000 size 0xe12000
09-29 12:55:35.235  2007  5843 W InputReader: Device has associated, but no associated display id.
09-29 12:55:35.253  2007  5843 I chatty  : uid=1000(system) Binder:2007_16 identical 28 lines
09-29 12:55:35.253  2007  5843 W InputReader: Device has associated, but no associated display id.
09-29 12:55:35.277  2007  2040 W InputReader: Device has associated, but no associated display id.
09-29 12:55:35.280  2007  2040 I chatty  : uid=1000(system) android.anim identical 8 lines
09-29 12:55:35.280  2007  2040 W InputReader: Device has associated, but no associated display id.
09-29 12:55:35.375  5905  5905 D com.example.contentprovideractivity.CP_DatabaseExample:  DatabaseHelper class created 
09-29 12:55:35.406  2641  4145 I NetworkScheduler.Stats: Task com.google.android.gms/com.google.android.gms.ads.social.GcmSchedulerWakeupService started execution. cause:4 exec_start_elapsed_seconds: 127 [CONTEXT service_id=218 ]
09-29 12:55:35.414  5905  5905 D com.example.contentprovideractivity.CP_DatabaseExample:   onCreate() method executed return :::true
09-29 12:55:35.455  1794  2096 E SurfaceFlinger: ro.sf.lcd_density must be defined as a build property
09-29 12:55:35.459  1794  1859 E SurfaceFlinger: ro.sf.lcd_density must be defined as a build property
09-29 12:55:35.468  5905  5939 D libEGL  : Emulator has host GPU support, qemu.gles is set to 1.
09-29 12:55:35.469  5905  5939 W libc    : Unable to set property "qemu.gles" to "1": connection failed; errno=13 (Permission denied)
09-29 12:55:35.460  5905  5905 W RenderThread: type=1400 audit(0.0:19): avc: denied { write } for name="property_service" dev="tmpfs" ino=7427 scontext=u:r:untrusted_app:s0:c159,c256,c512,c768 tcontext=u:object_r:property_socket:s0 tclass=sock_file permissive=0 app=com.example.contentprovideractivity
09-29 12:55:35.514  5905  5939 D libEGL  : loaded /vendor/lib/egl/libEGL_emulation.so
09-29 12:55:35.518  5905  5939 D libEGL  : loaded /vendor/lib/egl/libGLESv1_CM_emulation.so
09-29 12:55:35.525  5905  5939 D libEGL  : loaded /vendor/lib/egl/libGLESv2_emulation.so
09-29 12:55:35.580  3129  3482 D EGL_emulation: eglMakeCurrent: 0xec06fc60: ver 2 0 (tinfo 0xc7dbe870)
09-29 12:55:35.589  2495  3090 D EGL_emulation: eglMakeCurrent: 0xe3f1a240: ver 2 0 (tinfo 0xe3f0f480)
09-29 12:55:35.608  5905  5905 W rovideractivit: Accessing hidden method Landroid/view/View;->computeFitSystemWindows(Landroid/graphics/Rect;Landroid/graphics/Rect;)Z (greylist, reflection, allowed)
09-29 12:55:35.609  5905  5905 W rovideractivit: Accessing hidden method Landroid/view/ViewGroup;->makeOptionalFitsSystemWindows()V (greylist, reflection, allowed)
09-29 12:55:35.709  5905  5905 D com.example.contentprovideractivity.MainActivity: onCreate()method called first time
09-29 12:55:35.723  5905  5905 D com.example.contentprovideractivity.MainActivity: onStart()method called 
09-29 12:55:35.725  5905  5905 D com.example.contentprovideractivity.MainActivity: onResume()method called 
09-29 12:55:35.804  5905  5937 D HostConnection: HostConnection::get() New Host Connection established 0xe0b00540, tid 5937
09-29 12:55:35.808  5905  5937 D HostConnection: HostComposition ext ANDROID_EMU_CHECKSUM_HELPER_v1 ANDROID_EMU_dma_v1 ANDROID_EMU_direct_mem ANDROID_EMU_host_composition_v1 ANDROID_EMU_host_composition_v2 ANDROID_EMU_vulkan ANDROID_EMU_deferred_vulkan_commands ANDROID_EMU_vulkan_null_optional_strings ANDROID_EMU_vulkan_create_resources_with_requirements ANDROID_EMU_YUV_Cache ANDROID_EMU_vulkan_ignored_handles ANDROID_EMU_vulkan_free_memory_sync ANDROID_EMU_vulkan_shader_float16_int8 ANDROID_EMU_vulkan_async_queue_submit ANDROID_EMU_sync_buffer_data GL_OES_vertex_array_object GL_KHR_texture_compression_astc_ldr ANDROID_EMU_host_side_tracing ANDROID_EMU_gles_max_version_2 
09-29 12:55:35.816  5905  5937 W OpenGLRenderer: Failed to choose config with EGL_SWAP_BEHAVIOR_PRESERVED, retrying without...
09-29 12:55:35.837  5905  5937 D EGL_emulation: eglCreateContext: 0xec116f60: maj 2 min 0 rcv 2
09-29 12:55:35.846  5905  5937 D EGL_emulation: eglMakeCurrent: 0xec116f60: ver 2 0 (tinfo 0xe0b67070)
09-29 12:55:35.855  1772  1817 D gralloc_ranchu: gralloc_alloc: Creating ashmem region of size 14749696
09-29 12:55:35.860  1648  1648 I hwservicemanager: getTransport: Cannot find entry android.hardware.graphics.mapper@3.0::IMapper/default in either framework or device manifest.
09-29 12:55:35.860  5905  5937 W Gralloc3: mapper 3.x is not supported
09-29 12:55:35.862  5905  5937 D HostConnection: createUnique: call
09-29 12:55:35.863  5905  5937 D HostConnection: HostConnection::get() New Host Connection established 0xe0b02070, tid 5937
09-29 12:55:35.864  5905  5937 D HostConnection: HostComposition ext ANDROID_EMU_CHECKSUM_HELPER_v1 ANDROID_EMU_dma_v1 ANDROID_EMU_direct_mem ANDROID_EMU_host_composition_v1 ANDROID_EMU_host_composition_v2 ANDROID_EMU_vulkan ANDROID_EMU_deferred_vulkan_commands ANDROID_EMU_vulkan_null_optional_strings ANDROID_EMU_vulkan_create_resources_with_requirements ANDROID_EMU_YUV_Cache ANDROID_EMU_vulkan_ignored_handles ANDROID_EMU_vulkan_free_memory_sync ANDROID_EMU_vulkan_shader_float16_int8 ANDROID_EMU_vulkan_async_queue_submit ANDROID_EMU_sync_buffer_data GL_OES_vertex_array_object GL_KHR_texture_compression_astc_ldr ANDROID_EMU_host_side_tracing ANDROID_EMU_gles_max_version_2 
09-29 12:55:35.864  5905  5937 D eglCodecCommon: allocate: Ask for block of size 0x1000
09-29 12:55:35.865  5905  5937 D eglCodecCommon: allocate: ioctl allocate returned offset 0x3ffff6000 size 0x2000
09-29 12:55:35.869  1772  1817 D gralloc_ranchu: gralloc_alloc: Creating ashmem region of size 14749696
09-29 12:55:35.874  1772  3340 D gralloc_ranchu: gralloc_alloc: Creating ashmem region of size 14749696
09-29 12:55:35.905  5905  5937 D EGL_emulation: eglMakeCurrent: 0xec116f60: ver 2 0 (tinfo 0xe0b67070)
09-29 12:55:36.131  2007  2044 I ActivityTaskManager: Displayed com.example.contentprovideractivity/.MainActivity: +1s508ms
09-29 12:55:36.305  3129  3658 I PBSessionCacheImpl: Deleted sessionId[2215667617984] from persistence.
09-29 12:55:36.309  2855  3633 W Conscrypt: Could not set socket write timeout: java.net.SocketException: Socket closed
09-29 12:55:36.310  2855  3633 W Conscrypt: 	at com.google.android.gms.org.conscrypt.Platform.setSocketWriteTimeout(:com.google.android.gms@202414022@20.24.14 (040700-319035315):2)
09-29 12:55:36.310  2855  3633 W Conscrypt: 	at com.google.android.gms.org.conscrypt.ConscryptFileDescriptorSocket.setSoWriteTimeout(:com.google.android.gms@202414022@20.24.14 (040700-319035315):0)
09-29 12:55:36.359  3129  3389 W SearchServiceCore: Abort, client detached.
09-29 12:55:36.458  2855  3633 W Conscrypt: Could not set socket write timeout: java.net.SocketException: Socket closed
09-29 12:55:36.459  2855  3633 W Conscrypt: 	at com.google.android.gms.org.conscrypt.Platform.setSocketWriteTimeout(:com.google.android.gms@202414022@20.24.14 (040700-319035315):2)
09-29 12:55:36.459  2855  3633 W Conscrypt: 	at com.google.android.gms.org.conscrypt.ConscryptFileDescriptorSocket.setSoWriteTimeout(:com.google.android.gms@202414022@20.24.14 (040700-319035315):0)
